Component: ARM Compiler 5.05 update 1 (build 106) Tool: armlink [4d0efa]

==============================================================================

Section Cross References

    main.o(i.DAC_GPIO_Init) refers to stm32f0xx_rcc.o(i.RCC_AHBPeriphClockCmd) for RCC_AHBPeriphClockCmd
    main.o(i.DAC_GPIO_Init) refers to stm32f0xx_rcc.o(i.RCC_APB1PeriphClockCmd) for RCC_APB1PeriphClockCmd
    main.o(i.DAC_GPIO_Init) refers to stm32f0xx_gpio.o(i.GPIO_Init) for GPIO_Init
    main.o(i.DAC_OUT_Init) refers to main.o(i.DAC_GPIO_Init) for DAC_GPIO_Init
    main.o(i.DAC_OUT_Init) refers to stm32f0xx_dac.o(i.DAC_Init) for DAC_Init
    main.o(i.DAC_OUT_Init) refers to stm32f0xx_dac.o(i.DAC_Cmd) for DAC_Cmd
    main.o(i.DMA1_Channel1_IRQHandler) refers to stm32f0xx_dma.o(i.DMA_GetITStatus) for DMA_GetITStatus
    main.o(i.DMA1_Channel1_IRQHandler) refers to main.o(i.func) for func
    main.o(i.DMA1_Channel1_IRQHandler) refers to differentialdc.o(i.SetOUT1Status) for SetOUT1Status
    main.o(i.DMA1_Channel1_IRQHandler) refers to differentialdc.o(i.SetOUT2Status) for SetOUT2Status
    main.o(i.DMA1_Channel1_IRQHandler) refers to display.o(i.SMG_DisplayOUT_STATUS) for SMG_DisplayOUT_STATUS
    main.o(i.DMA1_Channel1_IRQHandler) refers to stm32f0xx_dma.o(i.DMA_ClearITPendingBit) for DMA_ClearITPendingBit
    main.o(i.DMA1_Channel1_IRQHandler) refers to main.o(.bss) for .bss
    main.o(i.DMA1_Channel1_IRQHandler) refers to main.o(.data) for .data
    main.o(i.DMA1_Channel1_IRQHandler) refers to differentialdc.o(.bss) for ADC_ROW_Value
    main.o(i.DMA1_Channel1_IRQHandler) refers to differentialdc.o(.data) for Threshold
    main.o(i.DMA1_Channel1_IRQHandler) refers to menu.o(.data) for OUT1_Mode
    main.o(i.FlashCheck) refers to main.o(i.Formula_100) for Formula_100
    main.o(i.FlashCheck) refers to main.o(.data) for .data
    main.o(i.FlashCheck) refers to main.o(.bss) for .bss
    main.o(i.Formula_100) refers to main.o(.data) for .data
    main.o(i.Formula_CRC16) refers to main.o(.data) for .data
    main.o(i.IO_GPIO_INIT) refers to stm32f0xx_rcc.o(i.RCC_AHBPeriphClockCmd) for RCC_AHBPeriphClockCmd
    main.o(i.IO_GPIO_INIT) refers to stm32f0xx_gpio.o(i.GPIO_StructInit) for GPIO_StructInit
    main.o(i.IO_GPIO_INIT) refers to stm32f0xx_gpio.o(i.GPIO_Init) for GPIO_Init
    main.o(i.IWDG_Config) refers to stm32f0xx_rcc.o(i.RCC_GetFlagStatus) for RCC_GetFlagStatus
    main.o(i.IWDG_Config) refers to stm32f0xx_rcc.o(i.RCC_ClearFlag) for RCC_ClearFlag
    main.o(i.IWDG_Config) refers to stm32f0xx_iwdg.o(i.IWDG_WriteAccessCmd) for IWDG_WriteAccessCmd
    main.o(i.IWDG_Config) refers to stm32f0xx_iwdg.o(i.IWDG_SetPrescaler) for IWDG_SetPrescaler
    main.o(i.IWDG_Config) refers to stm32f0xx_iwdg.o(i.IWDG_SetReload) for IWDG_SetReload
    main.o(i.IWDG_Config) refers to stm32f0xx_iwdg.o(i.IWDG_ReloadCounter) for IWDG_ReloadCounter
    main.o(i.IWDG_Config) refers to stm32f0xx_iwdg.o(i.IWDG_Enable) for IWDG_Enable
    main.o(i.ProgramCheck) refers to differentialdc.o(i.WriteFlash) for WriteFlash
    main.o(i.ProgramCheck) refers to differentialdc.o(i.ResetParameter) for ResetParameter
    main.o(i.ProgramCheck) refers to main.o(.data) for .data
    main.o(i.RCC_Configuration) refers to stm32f0xx_rcc.o(i.RCC_DeInit) for RCC_DeInit
    main.o(i.RCC_Configuration) refers to stm32f0xx_rcc.o(i.RCC_HSICmd) for RCC_HSICmd
    main.o(i.RCC_Configuration) refers to stm32f0xx_rcc.o(i.RCC_GetFlagStatus) for RCC_GetFlagStatus
    main.o(i.RCC_Configuration) refers to stm32f0xx_rcc.o(i.RCC_HCLKConfig) for RCC_HCLKConfig
    main.o(i.RCC_Configuration) refers to stm32f0xx_rcc.o(i.RCC_PCLKConfig) for RCC_PCLKConfig
    main.o(i.RCC_Configuration) refers to stm32f0xx_rcc.o(i.RCC_PLLConfig) for RCC_PLLConfig
    main.o(i.RCC_Configuration) refers to stm32f0xx_rcc.o(i.RCC_PLLCmd) for RCC_PLLCmd
    main.o(i.RCC_Configuration) refers to stm32f0xx_rcc.o(i.RCC_ADCCLKConfig) for RCC_ADCCLKConfig
    main.o(i.RCC_Configuration) refers to stm32f0xx_rcc.o(i.RCC_SYSCLKConfig) for RCC_SYSCLKConfig
    main.o(i.RCC_Configuration) refers to stm32f0xx_rcc.o(i.RCC_GetSYSCLKSource) for RCC_GetSYSCLKSource
    main.o(i.SMG_GPIO_INIT) refers to stm32f0xx_rcc.o(i.RCC_AHBPeriphClockCmd) for RCC_AHBPeriphClockCmd
    main.o(i.SMG_GPIO_INIT) refers to stm32f0xx_gpio.o(i.GPIO_StructInit) for GPIO_StructInit
    main.o(i.SMG_GPIO_INIT) refers to stm32f0xx_gpio.o(i.GPIO_Init) for GPIO_Init
    main.o(i.SMG_GPIO_INIT) refers to stm32f0xx_gpio.o(i.GPIO_WriteBit) for GPIO_WriteBit
    main.o(i.TIM1_BRK_UP_TRG_COM_IRQHandler) refers to stm32f0xx_tim.o(i.TIM_GetITStatus) for TIM_GetITStatus
    main.o(i.TIM1_BRK_UP_TRG_COM_IRQHandler) refers to stm32f0xx_tim.o(i.TIM_ClearITPendingBit) for TIM_ClearITPendingBit
    main.o(i.TIM2_IRQHandler) refers to stm32f0xx_tim.o(i.TIM_GetITStatus) for TIM_GetITStatus
    main.o(i.TIM2_IRQHandler) refers to stm32f0xx_tim.o(i.TIM_ClearITPendingBit) for TIM_ClearITPendingBit
[...]
    Removing stm32f0xx_rtc.o(i.RTC_Init), (72 bytes).
    Removing stm32f0xx_rtc.o(i.RTC_OutputConfig), (40 bytes).
    Removing stm32f0xx_rtc.o(i.RTC_OutputTypeConfig), (24 bytes).
    Removing stm32f0xx_rtc.o(i.RTC_ReadBackupRegister), (20 bytes).
    Removing stm32f0xx_rtc.o(i.RTC_RefClockCmd), (60 bytes).
    Removing stm32f0xx_rtc.o(i.RTC_SetAlarm), (136 bytes).
    Removing stm32f0xx_rtc.o(i.RTC_SetDate), (148 bytes).
    Removing stm32f0xx_rtc.o(i.RTC_SetTime), (152 bytes).
    Removing stm32f0xx_rtc.o(i.RTC_SetWakeUpCounter), (24 bytes).
    Removing stm32f0xx_rtc.o(i.RTC_SmoothCalibConfig), (64 bytes).
    Removing stm32f0xx_rtc.o(i.RTC_StructInit), (14 bytes).
    Removing stm32f0xx_rtc.o(i.RTC_SynchroShiftConfig), (76 bytes).
    Removing stm32f0xx_rtc.o(i.RTC_TamperCmd), (24 bytes).
    Removing stm32f0xx_rtc.o(i.RTC_TamperFilterConfig), (24 bytes).
    Removing stm32f0xx_rtc.o(i.RTC_TamperPinsPrechargeDuration), (24 bytes).
    Removing stm32f0xx_rtc.o(i.RTC_TamperPullUpCmd), (24 bytes).
    Removing stm32f0xx_rtc.o(i.RTC_TamperSamplingFreqConfig), (24 bytes).
    Removing stm32f0xx_rtc.o(i.RTC_TamperTriggerConfig), (24 bytes).
    Removing stm32f0xx_rtc.o(i.RTC_TimeStampCmd), (44 bytes).
    Removing stm32f0xx_rtc.o(i.RTC_TimeStampOnTamperDetectionCmd), (24 bytes).
    Removing stm32f0xx_rtc.o(i.RTC_TimeStructInit), (12 bytes).
    Removing stm32f0xx_rtc.o(i.RTC_WaitForSynchro), (80 bytes).
    Removing stm32f0xx_rtc.o(i.RTC_WakeUpClockConfig), (36 bytes).
    Removing stm32f0xx_rtc.o(i.RTC_WakeUpCmd), (80 bytes).
    Removing stm32f0xx_rtc.o(i.RTC_WriteBackupRegister), (20 bytes).
    Removing stm32f0xx_rtc.o(i.RTC_WriteProtectionCmd), (24 bytes).
    Removing stm32f0xx_spi.o(.rev16_text), (4 bytes).
    Removing stm32f0xx_spi.o(.revsh_text), (4 bytes).
    Removing stm32f0xx_spi.o(i.I2S_Cmd), (28 bytes).
    Removing stm32f0xx_spi.o(i.I2S_Init), (156 bytes).
    Removing stm32f0xx_spi.o(i.I2S_StructInit), (18 bytes).
    Removing stm32f0xx_spi.o(i.SPI_BiDirectionalLineConfig), (28 bytes).
    Removing stm32f0xx_spi.o(i.SPI_CRCLengthConfig), (20 bytes).
    Removing stm32f0xx_spi.o(i.SPI_CalculateCRC), (28 bytes).
    Removing stm32f0xx_spi.o(i.SPI_Cmd), (18 bytes).
    Removing stm32f0xx_spi.o(i.SPI_DataSizeConfig), (16 bytes).
    Removing stm32f0xx_spi.o(i.SPI_GetCRC), (12 bytes).
    Removing stm32f0xx_spi.o(i.SPI_GetCRCPolynomial), (4 bytes).
    Removing stm32f0xx_spi.o(i.SPI_GetReceptionFIFOStatus), (10 bytes).
    Removing stm32f0xx_spi.o(i.SPI_GetTransmissionFIFOStatus), (10 bytes).
    Removing stm32f0xx_spi.o(i.SPI_I2S_ClearFlag), (6 bytes).
    Removing stm32f0xx_spi.o(i.SPI_I2S_DMACmd), (16 bytes).
    Removing stm32f0xx_spi.o(i.SPI_I2S_DeInit), (64 bytes).
    Removing stm32f0xx_spi.o(i.SPI_I2S_GetFlagStatus), (14 bytes).
    Removing stm32f0xx_spi.o(i.SPI_I2S_GetITStatus), (42 bytes).
    Removing stm32f0xx_spi.o(i.SPI_I2S_ITConfig), (24 bytes).
    Removing stm32f0xx_spi.o(i.SPI_I2S_ReceiveData16), (4 bytes).
    Removing stm32f0xx_spi.o(i.SPI_I2S_SendData16), (4 bytes).
    Removing stm32f0xx_spi.o(i.SPI_Init), (84 bytes).
    Removing stm32f0xx_spi.o(i.SPI_LastDMATransferCmd), (20 bytes).
    Removing stm32f0xx_spi.o(i.SPI_NSSInternalSoftwareConfig), (28 bytes).
    Removing stm32f0xx_spi.o(i.SPI_NSSPulseModeCmd), (18 bytes).
    Removing stm32f0xx_spi.o(i.SPI_ReceiveData8), (4 bytes).
    Removing stm32f0xx_spi.o(i.SPI_RxFIFOThresholdConfig), (20 bytes).
    Removing stm32f0xx_spi.o(i.SPI_SSOutputCmd), (18 bytes).
    Removing stm32f0xx_spi.o(i.SPI_SendData8), (4 bytes).
    Removing stm32f0xx_spi.o(i.SPI_StructInit), (28 bytes).
    Removing stm32f0xx_spi.o(i.SPI_TIModeCmd), (18 bytes).
    Removing stm32f0xx_spi.o(i.SPI_TransmitCRC), (12 bytes).
    Removing stm32f0xx_syscfg.o(.rev16_text), (4 bytes).
    Removing stm32f0xx_syscfg.o(.revsh_text), (4 bytes).
    Removing stm32f0xx_syscfg.o(i.SYSCFG_BreakConfig), (16 bytes).
    Removing stm32f0xx_syscfg.o(i.SYSCFG_ClearFlag), (16 bytes).
    Removing stm32f0xx_syscfg.o(i.SYSCFG_DMAChannelRemapConfig), (24 bytes).
    Removing stm32f0xx_syscfg.o(i.SYSCFG_DeInit), (36 bytes).
    Removing stm32f0xx_syscfg.o(i.SYSCFG_EXTILineConfig), (40 bytes).
    Removing stm32f0xx_syscfg.o(i.SYSCFG_GetFlagStatus), (20 bytes).
    Removing stm32f0xx_syscfg.o(i.SYSCFG_GetPendingIT), (24 bytes).
    Removing stm32f0xx_syscfg.o(i.SYSCFG_I2CFastModePlusConfig), (24 bytes).
    Removing stm32f0xx_syscfg.o(i.SYSCFG_IRDAEnvSelection), (24 bytes).
    Removing stm32f0xx_syscfg.o(i.SYSCFG_MemoryRemapConfig), (20 bytes).
    Removing stm32f0xx_tim.o(.rev16_text), (4 bytes).
    Removing stm32f0xx_tim.o(.revsh_text), (4 bytes).
    Removing stm32f0xx_tim.o(i.TI1_Config), (40 bytes).
    Removing stm32f0xx_tim.o(i.TI2_Config), (48 bytes).
    Removing stm32f0xx_tim.o(i.TIM_BDTRConfig), (34 bytes).
    Removing stm32f0xx_tim.o(i.TIM_BDTRStructInit), (18 bytes).
    Removing stm32f0xx_tim.o(i.TIM_CCPreloadControl), (20 bytes).
    Removing stm32f0xx_tim.o(i.TIM_CCxCmd), (22 bytes).
    Removing stm32f0xx_tim.o(i.TIM_CCxNCmd), (22 bytes).
    Removing stm32f0xx_tim.o(i.TIM_ClearFlag), (6 bytes).
    Removing stm32f0xx_tim.o(i.TIM_ClearOC1Ref), (12 bytes).
    Removing stm32f0xx_tim.o(i.TIM_ClearOC2Ref), (14 bytes).
    Removing stm32f0xx_tim.o(i.TIM_ClearOC3Ref), (12 bytes).
    Removing stm32f0xx_tim.o(i.TIM_ClearOC4Ref), (14 bytes).
    Removing stm32f0xx_tim.o(i.TIM_CounterModeConfig), (12 bytes).
    Removing stm32f0xx_tim.o(i.TIM_CtrlPWMOutputs), (24 bytes).
    Removing stm32f0xx_tim.o(i.TIM_DMACmd), (16 bytes).
    Removing stm32f0xx_tim.o(i.TIM_DMAConfig), (8 bytes).
    Removing stm32f0xx_tim.o(i.TIM_ETRClockMode1Config), (28 bytes).
    Removing stm32f0xx_tim.o(i.TIM_ETRClockMode2Config), (20 bytes).
    Removing stm32f0xx_tim.o(i.TIM_ETRConfig), (18 bytes).
    Removing stm32f0xx_tim.o(i.TIM_EncoderInterfaceConfig), (48 bytes).
    Removing stm32f0xx_tim.o(i.TIM_ForcedOC1Config), (12 bytes).
    Removing stm32f0xx_tim.o(i.TIM_ForcedOC2Config), (20 bytes).
    Removing stm32f0xx_tim.o(i.TIM_ForcedOC3Config), (12 bytes).
    Removing stm32f0xx_tim.o(i.TIM_ForcedOC4Config), (20 bytes).
    Removing stm32f0xx_tim.o(i.TIM_GenerateEvent), (4 bytes).
    Removing stm32f0xx_tim.o(i.TIM_GetCapture1), (4 bytes).
    Removing stm32f0xx_tim.o(i.TIM_GetCapture2), (4 bytes).
    Removing stm32f0xx_tim.o(i.TIM_GetCapture3), (4 bytes).
    Removing stm32f0xx_tim.o(i.TIM_GetCapture4), (4 bytes).
    Removing stm32f0xx_tim.o(i.TIM_GetCounter), (4 bytes).
    Removing stm32f0xx_tim.o(i.TIM_GetFlagStatus), (14 bytes).
    Removing stm32f0xx_tim.o(i.TIM_GetPrescaler), (4 bytes).
    Removing stm32f0xx_tim.o(i.TIM_ICInit), (184 bytes).
    Removing stm32f0xx_tim.o(i.TIM_ICStructInit), (16 bytes).
    Removing stm32f0xx_tim.o(i.TIM_ITRxExternalClockConfig), (18 bytes).
    Removing stm32f0xx_tim.o(i.TIM_InternalClockConfig), (10 bytes).
    Removing stm32f0xx_tim.o(i.TIM_OC1FastConfig), (12 bytes).
    Removing stm32f0xx_tim.o(i.TIM_OC1Init), (124 bytes).
    Removing stm32f0xx_tim.o(i.TIM_OC1NPolarityConfig), (12 bytes).
    Removing stm32f0xx_tim.o(i.TIM_OC1PolarityConfig), (12 bytes).
    Removing stm32f0xx_tim.o(i.TIM_OC1PreloadConfig), (12 bytes).
    Removing stm32f0xx_tim.o(i.TIM_OC2FastConfig), (20 bytes).
    Removing stm32f0xx_tim.o(i.TIM_OC2NPolarityConfig), (14 bytes).
    Removing stm32f0xx_tim.o(i.TIM_OC2PolarityConfig), (14 bytes).
    Removing stm32f0xx_tim.o(i.TIM_OC3FastConfig), (12 bytes).
    Removing stm32f0xx_tim.o(i.TIM_OC3Init), (136 bytes).
    Removing stm32f0xx_tim.o(i.TIM_OC3NPolarityConfig), (20 bytes).
    Removing stm32f0xx_tim.o(i.TIM_OC3PolarityConfig), (20 bytes).
    Removing stm32f0xx_tim.o(i.TIM_OC3PreloadConfig), (12 bytes).
    Removing stm32f0xx_tim.o(i.TIM_OC4FastConfig), (20 bytes).
    Removing stm32f0xx_tim.o(i.TIM_OC4Init), (100 bytes).
    Removing stm32f0xx_tim.o(i.TIM_OC4PolarityConfig), (20 bytes).
    Removing stm32f0xx_tim.o(i.TIM_OC4PreloadConfig), (20 bytes).
    Removing stm32f0xx_tim.o(i.TIM_OCStructInit), (20 bytes).
    Removing stm32f0xx_tim.o(i.TIM_PWMIConfig), (104 bytes).
    Removing stm32f0xx_tim.o(i.TIM_PrescalerConfig), (6 bytes).
    Removing stm32f0xx_tim.o(i.TIM_RemapConfig), (6 bytes).
    Removing stm32f0xx_tim.o(i.TIM_SelectCCDMA), (18 bytes).
    Removing stm32f0xx_tim.o(i.TIM_SelectCOM), (18 bytes).
    Removing stm32f0xx_tim.o(i.TIM_SelectHallSensor), (18 bytes).
    Removing stm32f0xx_tim.o(i.TIM_SelectInputTrigger), (12 bytes).
    Removing stm32f0xx_tim.o(i.TIM_SelectMasterSlaveMode), (16 bytes).
    Removing stm32f0xx_tim.o(i.TIM_SelectOCREFClear), (16 bytes).
    Removing stm32f0xx_tim.o(i.TIM_SelectOCxM), (70 bytes).
    Removing stm32f0xx_tim.o(i.TIM_SelectOnePulseMode), (16 bytes).
    Removing stm32f0xx_tim.o(i.TIM_SelectSlaveMode), (16 bytes).
    Removing stm32f0xx_tim.o(i.TIM_SetAutoreload), (4 bytes).
    Removing stm32f0xx_tim.o(i.TIM_SetClockDivision), (20 bytes).
    Removing stm32f0xx_tim.o(i.TIM_SetCompare1), (4 bytes).
    Removing stm32f0xx_tim.o(i.TIM_SetCompare2), (4 bytes).
    Removing stm32f0xx_tim.o(i.TIM_SetCompare3), (4 bytes).
    Removing stm32f0xx_tim.o(i.TIM_SetCompare4), (4 bytes).
    Removing stm32f0xx_tim.o(i.TIM_SetCounter), (4 bytes).
    Removing stm32f0xx_tim.o(i.TIM_SetIC1Prescaler), (16 bytes).
    Removing stm32f0xx_tim.o(i.TIM_SetIC2Prescaler), (24 bytes).
    Removing stm32f0xx_tim.o(i.TIM_SetIC3Prescaler), (16 bytes).
    Removing stm32f0xx_tim.o(i.TIM_SetIC4Prescaler), (24 bytes).
    Removing stm32f0xx_tim.o(i.TIM_TIxExternalClockConfig), (48 bytes).
    Removing stm32f0xx_tim.o(i.TIM_UpdateDisableConfig), (18 bytes).
    Removing stm32f0xx_tim.o(i.TIM_UpdateRequestConfig), (18 bytes).
    Removing stm32f0xx_usart.o(.rev16_text), (4 bytes).
    Removing stm32f0xx_usart.o(.revsh_text), (4 bytes).
    Removing stm32f0xx_usart.o(i.USART_AddressDetectionConfig), (16 bytes).
    Removing stm32f0xx_usart.o(i.USART_AutoBaudRateCmd), (20 bytes).
    Removing stm32f0xx_usart.o(i.USART_AutoBaudRateConfig), (18 bytes).
    Removing stm32f0xx_usart.o(i.USART_ClearFlag), (4 bytes).
    Removing stm32f0xx_usart.o(i.USART_ClearITPendingBit), (10 bytes).
    Removing stm32f0xx_usart.o(i.USART_ClockInit), (28 bytes).
    Removing stm32f0xx_usart.o(i.USART_ClockStructInit), (12 bytes).
    Removing stm32f0xx_usart.o(i.USART_Cmd), (20 bytes).
    Removing stm32f0xx_usart.o(i.USART_DECmd), (20 bytes).
    Removing stm32f0xx_usart.o(i.USART_DEPolarityConfig), (18 bytes).
    Removing stm32f0xx_usart.o(i.USART_DMACmd), (16 bytes).
    Removing stm32f0xx_usart.o(i.USART_DMAReceptionErrorConfig), (18 bytes).
    Removing stm32f0xx_usart.o(i.USART_DataInvCmd), (20 bytes).
    Removing stm32f0xx_usart.o(i.USART_DeInit), (184 bytes).
    Removing stm32f0xx_usart.o(i.USART_DirectionModeCmd), (16 bytes).
    Removing stm32f0xx_usart.o(i.USART_GetFlagStatus), (14 bytes).
    Removing stm32f0xx_usart.o(i.USART_GetITStatus), (56 bytes).
    Removing stm32f0xx_usart.o(i.USART_HalfDuplexCmd), (18 bytes).
    Removing stm32f0xx_usart.o(i.USART_ITConfig), (42 bytes).
    Removing stm32f0xx_usart.o(i.USART_Init), (168 bytes).
    Removing stm32f0xx_usart.o(i.USART_InvPinCmd), (16 bytes).
    Removing stm32f0xx_usart.o(i.USART_IrDACmd), (18 bytes).
    Removing stm32f0xx_usart.o(i.USART_IrDAConfig), (16 bytes).
    Removing stm32f0xx_usart.o(i.USART_LINBreakDetectLengthConfig), (16 bytes).
    Removing stm32f0xx_usart.o(i.USART_LINCmd), (20 bytes).
    Removing stm32f0xx_usart.o(i.USART_MSBFirstCmd), (20 bytes).
    Removing stm32f0xx_usart.o(i.USART_MuteModeCmd), (20 bytes).
    Removing stm32f0xx_usart.o(i.USART_MuteModeWakeUpConfig), (18 bytes).
    Removing stm32f0xx_usart.o(i.USART_OneBitMethodCmd), (20 bytes).
    Removing stm32f0xx_usart.o(i.USART_OverSampling8Cmd), (20 bytes).
    Removing stm32f0xx_usart.o(i.USART_OverrunDetectionConfig), (18 bytes).
    Removing stm32f0xx_usart.o(i.USART_ReceiveData), (8 bytes).
    Removing stm32f0xx_usart.o(i.USART_ReceiverTimeOutCmd), (20 bytes).
    Removing stm32f0xx_usart.o(i.USART_RequestCmd), (16 bytes).
    Removing stm32f0xx_usart.o(i.USART_STOPModeCmd), (18 bytes).
    Removing stm32f0xx_usart.o(i.USART_SWAPPinCmd), (20 bytes).
    Removing stm32f0xx_usart.o(i.USART_SendData), (8 bytes).
    Removing stm32f0xx_usart.o(i.USART_SetAddress), (18 bytes).
    Removing stm32f0xx_usart.o(i.USART_SetAutoRetryCount), (20 bytes).
    Removing stm32f0xx_usart.o(i.USART_SetBlockLength), (18 bytes).
    Removing stm32f0xx_usart.o(i.USART_SetDEAssertionTime), (20 bytes).
    Removing stm32f0xx_usart.o(i.USART_SetDEDeassertionTime), (20 bytes).
    Removing stm32f0xx_usart.o(i.USART_SetGuardTime), (16 bytes).
    Removing stm32f0xx_usart.o(i.USART_SetPrescaler), (16 bytes).
    Removing stm32f0xx_usart.o(i.USART_SetReceiverTimeOut), (16 bytes).
    Removing stm32f0xx_usart.o(i.USART_SmartCardCmd), (18 bytes).
    Removing stm32f0xx_usart.o(i.USART_SmartCardNACKCmd), (18 bytes).
    Removing stm32f0xx_usart.o(i.USART_StopModeWakeUpSourceConfig), (18 bytes).
    Removing stm32f0xx_usart.o(i.USART_StructInit), (22 bytes).
    Removing stm32f0xx_wwdg.o(.rev16_text), (4 bytes).
    Removing stm32f0xx_wwdg.o(.revsh_text), (4 bytes).
    Removing stm32f0xx_wwdg.o(i.WWDG_ClearFlag), (12 bytes).
    Removing stm32f0xx_wwdg.o(i.WWDG_DeInit), (22 bytes).
    Removing stm32f0xx_wwdg.o(i.WWDG_Enable), (16 bytes).
    Removing stm32f0xx_wwdg.o(i.WWDG_EnableIT), (16 bytes).
    Removing stm32f0xx_wwdg.o(i.WWDG_GetFlagStatus), (20 bytes).
    Removing stm32f0xx_wwdg.o(i.WWDG_SetCounter), (16 bytes).
    Removing stm32f0xx_wwdg.o(i.WWDG_SetPrescaler), (20 bytes).
    Removing stm32f0xx_wwdg.o(i.WWDG_SetWindowValue), (28 bytes).
    Removing system_stm32f0xx.o(.rev16_text), (4 bytes).
    Removing system_stm32f0xx.o(.revsh_text), (4 bytes).
    Removing system_stm32f0xx.o(i.SystemCoreClockUpdate), (108 bytes).
    Removing system_stm32f0xx.o(.data), (20 bytes).
    Removing startup_stm32f0xx_ld.o(HEAP), (512 bytes).

610 unused section(s) (total 18334 bytes) removed from the image.

==============================================================================

Image Symbol Table

    Local Symbols

    Symbol Name                              Value     Ov Type        Size  Object(Section)

    ../clib/microlib/division.c              0x00000000   Number         0  uidiv.o ABSOLUTE
    ../clib/microlib/division.c              0x00000000   Number         0  idiv.o ABSOLUTE
    ../clib/microlib/init/entry.s            0x00000000   Number         0  entry10b.o ABSOLUTE
    ../clib/microlib/init/entry.s            0x00000000   Number         0  entry10a.o ABSOLUTE
    ../clib/microlib/init/entry.s            0x00000000   Number         0  entry9b.o ABSOLUTE
    ../clib/microlib/init/entry.s            0x00000000   Number         0  entry.o ABSOLUTE
    ../clib/microlib/init/entry.s            0x00000000   Number         0  entry9a.o ABSOLUTE
    ../clib/microlib/init/entry.s            0x00000000   Number         0  entry8b.o ABSOLUTE
    ../clib/microlib/init/entry.s            0x00000000   Number         0  entry8a.o ABSOLUTE
    ../clib/microlib/init/entry.s            0x00000000   Number         0  entry7b.o ABSOLUTE
    ../clib/microlib/init/entry.s            0x00000000   Number         0  entry7a.o ABSOLUTE
    ../clib/microlib/init/entry.s            0x00000000   Number         0  entry11b.o ABSOLUTE
    ../clib/microlib/init/entry.s            0x00000000   Number         0  entry2.o ABSOLUTE
    ../clib/microlib/init/entry.s            0x00000000   Number         0  entry11a.o ABSOLUTE
    ../clib/microlib/init/entry.s            0x00000000   Number         0  entry5.o ABSOLUTE
    ../clib/microlib/unhosted.c              0x00000000   Number         0  uread4.o ABSOLUTE
    ..\I2C_driver.c                          0x00000000   Number         0  i2c_driver.o ABSOLUTE
    ..\Libraries\CMSIS\Device\ST\STM32F0xx\Source\Templates\arm\startup_stm32f0xx_ld.s 0x00000000   Number         0  startup_stm32f0xx_ld.o ABSOLUTE
    ..\Libraries\STM32F0xx_StdPeriph_Driver\src\stm32f0xx_adc.c 0x00000000   Number         0  stm32f0xx_adc.o ABSOLUTE
    ..\Libraries\STM32F0xx_StdPeriph_Driver\src\stm32f0xx_can.c 0x00000000   Number         0  stm32f0xx_can.o ABSOLUTE
    ..\Libraries\STM32F0xx_StdPeriph_Driver\src\stm32f0xx_cec.c 0x00000000   Number         0  stm32f0xx_cec.o ABSOLUTE
    ..\Libraries\STM32F0xx_StdPeriph_Driver\src\stm32f0xx_comp.c 0x00000000   Number         0  stm32f0xx_comp.o ABSOLUTE
    ..\Libraries\STM32F0xx_StdPeriph_Driver\src\stm32f0xx_crc.c 0x00000000   Number         0  stm32f0xx_crc.o ABSOLUTE
    ..\Libraries\STM32F0xx_StdPeriph_Driver\src\stm32f0xx_crs.c 0x00000000   Number         0  stm32f0xx_crs.o ABSOLUTE
    ..\Libraries\STM32F0xx_StdPeriph_Driver\src\stm32f0xx_dac.c 0x00000000   Number         0  stm32f0xx_dac.o ABSOLUTE
    ..\Libraries\STM32F0xx_StdPeriph_Driver\src\stm32f0xx_dbgmcu.c 0x00000000   Number         0  stm32f0xx_dbgmcu.o ABSOLUTE
    ..\Libraries\STM32F0xx_StdPeriph_Driver\src\stm32f0xx_dma.c 0x00000000   Number         0  stm32f0xx_dma.o ABSOLUTE
    ..\Libraries\STM32F0xx_StdPeriph_Driver\src\stm32f0xx_exti.c 0x00000000   Number         0  stm32f0xx_exti.o ABSOLUTE
    ..\Libraries\STM32F0xx_StdPeriph_Driver\src\stm32f0xx_flash.c 0x00000000   Number         0  stm32f0xx_flash.o ABSOLUTE
    ..\Libraries\STM32F0xx_StdPeriph_Driver\src\stm32f0xx_gpio.c 0x00000000   Number         0  stm32f0xx_gpio.o ABSOLUTE
    ..\Libraries\STM32F0xx_StdPeriph_Driver\src\stm32f0xx_i2c.c 0x00000000   Number         0  stm32f0xx_i2c.o ABSOLUTE
    ..\Libraries\STM32F0xx_StdPeriph_Driver\src\stm32f0xx_iwdg.c 0x00000000   Number         0  stm32f0xx_iwdg.o ABSOLUTE
    ..\Libraries\STM32F0xx_StdPeriph_Driver\src\stm32f0xx_misc.c 0x00000000   Number         0  stm32f0xx_misc.o ABSOLUTE
    ..\Libraries\STM32F0xx_StdPeriph_Driver\src\stm32f0xx_pwr.c 0x00000000   Number         0  stm32f0xx_pwr.o ABSOLUTE
    ..\Libraries\STM32F0xx_StdPeriph_Driver\src\stm32f0xx_rcc.c 0x00000000   Number         0  stm32f0xx_rcc.o ABSOLUTE
    ..\Libraries\STM32F0xx_StdPeriph_Driver\src\stm32f0xx_rtc.c 0x00000000   Number         0  stm32f0xx_rtc.o ABSOLUTE
    ..\Libraries\STM32F0xx_StdPeriph_Driver\src\stm32f0xx_spi.c 0x00000000   Number         0  stm32f0xx_spi.o ABSOLUTE
    ..\Libraries\STM32F0xx_StdPeriph_Driver\src\stm32f0xx_syscfg.c 0x00000000   Number         0  stm32f0xx_syscfg.o ABSOLUTE
    ..\Libraries\STM32F0xx_StdPeriph_Driver\src\stm32f0xx_tim.c 0x00000000   Number         0  stm32f0xx_tim.o ABSOLUTE
    ..\Libraries\STM32F0xx_StdPeriph_Driver\src\stm32f0xx_usart.c 0x00000000   Number         0  stm32f0xx_usart.o ABSOLUTE
    ..\Libraries\STM32F0xx_StdPeriph_Driver\src\stm32f0xx_wwdg.c 0x00000000   Number         0  stm32f0xx_wwdg.o ABSOLUTE
    ..\SelfStudy.c                           0x00000000   Number         0  selfstudy.o ABSOLUTE
    ..\\I2C_driver.c                         0x00000000   Number         0  i2c_driver.o ABSOLUTE
    ..\\Libraries\\STM32F0xx_StdPeriph_Driver\\src\\stm32f0xx_adc.c 0x00000000   Number         0  stm32f0xx_adc.o ABSOLUTE
    ..\\Libraries\\STM32F0xx_StdPeriph_Driver\\src\\stm32f0xx_can.c 0x00000000   Number         0  stm32f0xx_can.o ABSOLUTE
    ..\\Libraries\\STM32F0xx_StdPeriph_Driver\\src\\stm32f0xx_cec.c 0x00000000   Number         0  stm32f0xx_cec.o ABSOLUTE
    ..\\Libraries\\STM32F0xx_StdPeriph_Driver\\src\\stm32f0xx_comp.c 0x00000000   Number         0  stm32f0xx_comp.o ABSOLUTE
    ..\\Libraries\\STM32F0xx_StdPeriph_Driver\\src\\stm32f0xx_crc.c 0x00000000   Number         0  stm32f0xx_crc.o ABSOLUTE
    ..\\Libraries\\STM32F0xx_StdPeriph_Driver\\src\\stm32f0xx_crs.c 0x00000000   Number         0  stm32f0xx_crs.o ABSOLUTE
    ..\\Libraries\\STM32F0xx_StdPeriph_Driver\\src\\stm32f0xx_dac.c 0x00000000   Number         0  stm32f0xx_dac.o ABSOLUTE
    ..\\Libraries\\STM32F0xx_StdPeriph_Driver\\src\\stm32f0xx_dbgmcu.c 0x00000000   Number         0  stm32f0xx_dbgmcu.o ABSOLUTE
    ..\\Libraries\\STM32F0xx_StdPeriph_Driver\\src\\stm32f0xx_dma.c 0x00000000   Number         0  stm32f0xx_dma.o ABSOLUTE
    ..\\Libraries\\STM32F0xx_StdPeriph_Driver\\src\\stm32f0xx_exti.c 0x00000000   Number         0  stm32f0xx_exti.o ABSOLUTE
    ..\\Libraries\\STM32F0xx_StdPeriph_Driver\\src\\stm32f0xx_flash.c 0x00000000   Number         0  stm32f0xx_flash.o ABSOLUTE
    ..\\Libraries\\STM32F0xx_StdPeriph_Driver\\src\\stm32f0xx_gpio.c 0x00000000   Number         0  stm32f0xx_gpio.o ABSOLUTE
    ..\\Libraries\\STM32F0xx_StdPeriph_Driver\\src\\stm32f0xx_i2c.c 0x00000000   Number         0  stm32f0xx_i2c.o ABSOLUTE
    ..\\Libraries\\STM32F0xx_StdPeriph_Driver\\src\\stm32f0xx_iwdg.c 0x00000000   Number         0  stm32f0xx_iwdg.o ABSOLUTE
    ..\\Libraries\\STM32F0xx_StdPeriph_Driver\\src\\stm32f0xx_misc.c 0x00000000   Number         0  stm32f0xx_misc.o ABSOLUTE
    ..\\Libraries\\STM32F0xx_StdPeriph_Driver\\src\\stm32f0xx_pwr.c 0x00000000   Number         0  stm32f0xx_pwr.o ABSOLUTE
    ..\\Libraries\\STM32F0xx_StdPeriph_Driver\\src\\stm32f0xx_rcc.c 0x00000000   Number         0  stm32f0xx_rcc.o ABSOLUTE
    ..\\Libraries\\STM32F0xx_StdPeriph_Driver\\src\\stm32f0xx_rtc.c 0x00000000   Number         0  stm32f0xx_rtc.o ABSOLUTE
    ..\\Libraries\\STM32F0xx_StdPeriph_Driver\\src\\stm32f0xx_spi.c 0x00000000   Number         0  stm32f0xx_spi.o ABSOLUTE
    ..\\Libraries\\STM32F0xx_StdPeriph_Driver\\src\\stm32f0xx_syscfg.c 0x00000000   Number         0  stm32f0xx_syscfg.o ABSOLUTE
    ..\\Libraries\\STM32F0xx_StdPeriph_Driver\\src\\stm32f0xx_tim.c 0x00000000   Number         0  stm32f0xx_tim.o ABSOLUTE
    ..\\Libraries\\STM32F0xx_StdPeriph_Driver\\src\\stm32f0xx_usart.c 0x00000000   Number         0  stm32f0xx_usart.o ABSOLUTE
    ..\\Libraries\\STM32F0xx_StdPeriph_Driver\\src\\stm32f0xx_wwdg.c 0x00000000   Number         0  stm32f0xx_wwdg.o ABSOLUTE
    ..\\SelfStudy.c                          0x00000000   Number         0  selfstudy.o ABSOLUTE
    ..\\bsp_eeprom_24xx.c                    0x00000000   Number         0  bsp_eeprom_24xx.o ABSOLUTE
    ..\\bsp_i2c_gpio.c                       0x00000000   Number         0  bsp_i2c_gpio.o ABSOLUTE
    ..\\differentialDC.c                     0x00000000   Number         0  differentialdc.o ABSOLUTE
    ..\\display.c                            0x00000000   Number         0  display.o ABSOLUTE
    ..\\key.c                                0x00000000   Number         0  key.o ABSOLUTE
    ..\\menu.c                               0x00000000   Number         0  menu.o ABSOLUTE
    ..\\stm32f0xx_it.c                       0x00000000   Number         0  stm32f0xx_it.o ABSOLUTE
    ..\\system_stm32f0xx.c                   0x00000000   Number         0  system_stm32f0xx.o ABSOLUTE
    ..\bsp_eeprom_24xx.c                     0x00000000   Number         0  bsp_eeprom_24xx.o ABSOLUTE
    ..\bsp_i2c_gpio.c                        0x00000000   Number         0  bsp_i2c_gpio.o ABSOLUTE
    ..\differentialDC.c                      0x00000000   Number         0  differentialdc.o ABSOLUTE
    ..\display.c                             0x00000000   Number         0  display.o ABSOLUTE
    ..\key.c                                 0x00000000   Number         0  key.o ABSOLUTE
    ..\menu.c                                0x00000000   Number         0  menu.o ABSOLUTE
    ..\stm32f0xx_it.c                        0x00000000   Number         0  stm32f0xx_it.o ABSOLUTE
    ..\system_stm32f0xx.c                    0x00000000   Number         0  system_stm32f0xx.o ABSOLUTE
    dc.s                                     0x00000000   Number         0  dc.o ABSOLUTE
    handlers.s                               0x00000000   Number         0  handlers.o ABSOLUTE
    init.s                                   0x00000000   Number         0  init.o ABSOLUTE
    main.c                                   0x00000000   Number         0  main.o ABSOLUTE
    main.c                                   0x00000000   Number         0  main.o ABSOLUTE
    RESET                                    0x08000000   Section      176  startup_stm32f0xx_ld.o(RESET)
    .ARM.Collect$$$$00000000                 0x080000b0   Section        0  entry.o(.ARM.Collect$$$$00000000)
    .ARM.Collect$$$$00000001                 0x080000b0   Section        4  entry2.o(.ARM.Collect$$$$00000001)
    .ARM.Collect$$$$00000004                 0x080000b4   Section        4  entry5.o(.ARM.Collect$$$$00000004)
    .ARM.Collect$$$$00000008                 0x080000b8   Section        0  entry7b.o(.ARM.Collect$$$$00000008)
    .ARM.Collect$$$$0000000A                 0x080000b8   Section        0  entry8b.o(.ARM.Collect$$$$0000000A)
    .ARM.Collect$$$$0000000B                 0x080000b8   Section        8  entry9a.o(.ARM.Collect$$$$0000000B)
    .ARM.Collect$$$$0000000D                 0x080000c0   Section        0  entry10a.o(.ARM.Collect$$$$0000000D)
    .ARM.Collect$$$$0000000F                 0x080000c0   Section        0  entry11a.o(.ARM.Collect$$$$0000000F)
    .ARM.Collect$$$$00002712                 0x080000c0   Section        4  entry2.o(.ARM.Collect$$$$00002712)
    __lit__00000000                          0x080000c0   Data           4  entry2.o(.ARM.Collect$$$$00002712)
    .text                                    0x080000c4   Section       88  startup_stm32f0xx_ld.o(.text)
    .text                                    0x0800011c   Section        0  uidiv.o(.text)
    .text                                    0x08000148   Section        0  idiv.o(.text)
    .text                                    0x08000170   Section       36  init.o(.text)
    i.ADCINcalibration                       0x08000194   Section        0  selfstudy.o(i.ADCINcalibration)
    i.ADC_ChannelConfig                      0x08000210   Section        0  stm32f0xx_adc.o(i.ADC_ChannelConfig)
    i.ADC_Cmd                                0x0800021a   Section        0  stm32f0xx_adc.o(i.ADC_Cmd)
    i.ADC_DMACmd                             0x0800022c   Section        0  stm32f0xx_adc.o(i.ADC_DMACmd)
    i.ADC_DMARequestModeConfig               0x08000240   Section        0  stm32f0xx_adc.o(i.ADC_DMARequestModeConfig)
    i.ADC_DeInit                             0x08000250   Section        0  stm32f0xx_adc.o(i.ADC_DeInit)
    i.ADC_GetCalibrationFactor               0x08000270   Section        0  stm32f0xx_adc.o(i.ADC_GetCalibrationFactor)
    i.ADC_GetFlagStatus                      0x0800029e   Section        0  stm32f0xx_adc.o(i.ADC_GetFlagStatus)
    i.ADC_Init                               0x080002bc   Section        0  stm32f0xx_adc.o(i.ADC_Init)
    i.ADC_OverrunModeCmd                     0x080002e8   Section        0  stm32f0xx_adc.o(i.ADC_OverrunModeCmd)
    i.ADC_StartOfConversion                  0x080002fc   Section        0  stm32f0xx_adc.o(i.ADC_StartOfConversion)
    i.ADC_StructInit                         0x08000306   Section        0  stm32f0xx_adc.o(i.ADC_StructInit)
    i.ButtonMapping                          0x08000318   Section        0  differentialdc.o(i.ButtonMapping)
    i.ButtonMappingDisplay                   0x080004b4   Section        0  display.o(i.ButtonMappingDisplay)
    i.Button_Init                            0x08000514   Section        0  key.o(i.Button_Init)
    i.DAC_SetChannel1Data                    0x080005e4   Section        0  stm32f0xx_dac.o(i.DAC_SetChannel1Data)
    i.DAC_SoftwareTriggerCmd                 0x080005f8   Section        0  stm32f0xx_dac.o(i.DAC_SoftwareTriggerCmd)
    i.DEL_Set                                0x08000614   Section        0  differentialdc.o(i.DEL_Set)
    i.DMA1_Channel1_IRQHandler               0x0800072c   Section        0  main.o(i.DMA1_Channel1_IRQHandler)
    i.DMA_ClearITPendingBit                  0x080007fc   Section        0  stm32f0xx_dma.o(i.DMA_ClearITPendingBit)
    i.DMA_Cmd                                0x08000814   Section        0  stm32f0xx_dma.o(i.DMA_Cmd)
    i.DMA_DeInit                             0x0800082c   Section        0  stm32f0xx_dma.o(i.DMA_DeInit)
    i.DMA_GetITStatus                        0x080008ec   Section        0  stm32f0xx_dma.o(i.DMA_GetITStatus)
    i.DMA_ITConfig                           0x0800090c   Section        0  stm32f0xx_dma.o(i.DMA_ITConfig)
    i.DMA_Init                               0x0800091c   Section        0  stm32f0xx_dma.o(i.DMA_Init)
    i.DMA_StructInit                         0x08000958   Section        0  stm32f0xx_dma.o(i.DMA_StructInit)
    i.DisplayMODE                            0x08000974   Section        0  differentialdc.o(i.DisplayMODE)
    i.DisplayModeONE                         0x08000ae8   Section        0  differentialdc.o(i.DisplayModeONE)
    i.DisplayModeONE_AREA                    0x08000b04   Section        0  differentialdc.o(i.DisplayModeONE_AREA)
    i.DisplayModeONE_STD                     0x08000d60   Section        0  differentialdc.o(i.DisplayModeONE_STD)
    i.DisplayModeTHIRD                       0x08000e98   Section        0  differentialdc.o(i.DisplayModeTHIRD)
    i.DisplayModeTWO                         0x08000ebc   Section        0  differentialdc.o(i.DisplayModeTWO)
    i.FLASH_ClearFlag                        0x08000f30   Section        0  stm32f0xx_flash.o(i.FLASH_ClearFlag)
    i.FLASH_ErasePage                        0x08000f3c   Section        0  stm32f0xx_flash.o(i.FLASH_ErasePage)
    i.FLASH_GetStatus                        0x08000f74   Section        0  stm32f0xx_flash.o(i.FLASH_GetStatus)
    i.FLASH_Lock                             0x08000f9c   Section        0  stm32f0xx_flash.o(i.FLASH_Lock)
    i.FLASH_ProgramWord                      0x08000fac   Section        0  stm32f0xx_flash.o(i.FLASH_ProgramWord)
    i.FLASH_Unlock                           0x08000ff8   Section        0  stm32f0xx_flash.o(i.FLASH_Unlock)
    i.FLASH_WaitForLastOperation             0x08001018   Section        0  stm32f0xx_flash.o(i.FLASH_WaitForLastOperation)
    i.FlashCheck                             0x0800103c   Section        0  main.o(i.FlashCheck)
    i.Formula_100                            0x08001080   Section        0  main.o(i.Formula_100)
    i.GPIO_Init                              0x08001104   Section        0  stm32f0xx_gpio.o(i.GPIO_Init)
    i.GPIO_PinAFConfig                       0x08001174   Section        0  stm32f0xx_gpio.o(i.GPIO_PinAFConfig)
    i.GPIO_ReadInputDataBit                  0x08001194   Section        0  stm32f0xx_gpio.o(i.GPIO_ReadInputDataBit)
    i.GPIO_StructInit                        0x080011a4   Section        0  stm32f0xx_gpio.o(i.GPIO_StructInit)
    i.GPIO_WriteBit                          0x080011bc   Section        0  stm32f0xx_gpio.o(i.GPIO_WriteBit)
    i.GetADCValue                            0x080011c8   Section        0  differentialdc.o(i.GetADCValue)
    i.GetEEPROM                              0x080011d4   Section        0  differentialdc.o(i.GetEEPROM)
    i.GetIntNumber                           0x0800124c   Section        0  display.o(i.GetIntNumber)
    i.GetMAXADCValue                         0x08001264   Section        0  selfstudy.o(i.GetMAXADCValue)
    i.HardFault_Handler                      0x08001364   Section        0  stm32f0xx_it.o(i.HardFault_Handler)
    i.IO_GPIO_INIT                           0x08001368   Section        0  main.o(i.IO_GPIO_INIT)
    i.IWDG_Config                            0x080013e4   Section        0  main.o(i.IWDG_Config)
    i.IWDG_Enable                            0x08001418   Section        0  stm32f0xx_iwdg.o(i.IWDG_Enable)
    i.IWDG_ReloadCounter                     0x08001428   Section        0  stm32f0xx_iwdg.o(i.IWDG_ReloadCounter)
    i.IWDG_SetPrescaler                      0x08001438   Section        0  stm32f0xx_iwdg.o(i.IWDG_SetPrescaler)
    i.IWDG_SetReload                         0x08001444   Section        0  stm32f0xx_iwdg.o(i.IWDG_SetReload)
    i.IWDG_WriteAccessCmd                    0x08001450   Section        0  stm32f0xx_iwdg.o(i.IWDG_WriteAccessCmd)
    i.Key_Scan                               0x0800145c   Section        0  key.o(i.Key_Scan)
    i.MenuOne_CounterSET                     0x08001584   Section        0  menu.o(i.MenuOne_CounterSET)
    i.MenuTwo_OUT1_DelaySET                  0x08001670   Section        0  menu.o(i.MenuTwo_OUT1_DelaySET)
    i.MenuTwo_OUT1_OFFD                      0x080017f0   Section        0  menu.o(i.MenuTwo_OUT1_OFFD)
    i.MenuTwo_OUT1_ON_D                      0x08001970   Section        0  menu.o(i.MenuTwo_OUT1_ON_D)
    i.MenuTwo_OUT1_SHOT                      0x08001ae4   Section        0  menu.o(i.MenuTwo_OUT1_SHOT)
    i.MenuTwo_OUT1_TOFF                      0x08001c54   Section        0  menu.o(i.MenuTwo_OUT1_TOFF)
    i.NMI_Handler                            0x08001c78   Section        0  stm32f0xx_it.o(i.NMI_Handler)
    i.NVIC_Init                              0x08001c7c   Section        0  stm32f0xx_misc.o(i.NVIC_Init)
    i.PendSV_Handler                         0x08001ccc   Section        0  stm32f0xx_it.o(i.PendSV_Handler)
    i.PressCallback                          0x08001cce   Section        0  key.o(i.PressCallback)
    i.ProgramCheck                           0x08001d10   Section        0  main.o(i.ProgramCheck)
    i.RCC_ADCCLKConfig                       0x08001d4c   Section        0  stm32f0xx_rcc.o(i.RCC_ADCCLKConfig)
    i.RCC_AHBPeriphClockCmd                  0x08001d78   Section        0  stm32f0xx_rcc.o(i.RCC_AHBPeriphClockCmd)
    i.RCC_APB1PeriphClockCmd                 0x08001d90   Section        0  stm32f0xx_rcc.o(i.RCC_APB1PeriphClockCmd)
    i.RCC_APB1PeriphResetCmd                 0x08001da8   Section        0  stm32f0xx_rcc.o(i.RCC_APB1PeriphResetCmd)
    i.RCC_APB2PeriphClockCmd                 0x08001dc0   Section        0  stm32f0xx_rcc.o(i.RCC_APB2PeriphClockCmd)
    i.RCC_APB2PeriphResetCmd                 0x08001dd8   Section        0  stm32f0xx_rcc.o(i.RCC_APB2PeriphResetCmd)
    i.RCC_ClearFlag                          0x08001df0   Section        0  stm32f0xx_rcc.o(i.RCC_ClearFlag)
    i.RCC_Configuration                      0x08001e04   Section        0  main.o(i.RCC_Configuration)
    i.RCC_DeInit                             0x08001e5c   Section        0  stm32f0xx_rcc.o(i.RCC_DeInit)
    i.RCC_GetClocksFreq                      0x08001eb8   Section        0  stm32f0xx_rcc.o(i.RCC_GetClocksFreq)
    i.RCC_GetFlagStatus                      0x08002030   Section        0  stm32f0xx_rcc.o(i.RCC_GetFlagStatus)
    i.RCC_GetSYSCLKSource                    0x08002064   Section        0  stm32f0xx_rcc.o(i.RCC_GetSYSCLKSource)
    i.RCC_HCLKConfig                         0x08002074   Section        0  stm32f0xx_rcc.o(i.RCC_HCLKConfig)
    i.RCC_HSICmd                             0x08002088   Section        0  stm32f0xx_rcc.o(i.RCC_HSICmd)
    i.RCC_PCLKConfig                         0x080020a4   Section        0  stm32f0xx_rcc.o(i.RCC_PCLKConfig)
    i.RCC_PLLCmd                             0x080020b8   Section        0  stm32f0xx_rcc.o(i.RCC_PLLCmd)
    i.RCC_PLLConfig                          0x080020d4   Section        0  stm32f0xx_rcc.o(i.RCC_PLLConfig)
    i.RCC_SYSCLKConfig                       0x080020f0   Section        0  stm32f0xx_rcc.o(i.RCC_SYSCLKConfig)
    i.ReadButtonStatus                       0x08002104   Section        0  key.o(i.ReadButtonStatus)
    i.ResetParameter                         0x08002120   Section        0  differentialdc.o(i.ResetParameter)
    i.SMG_Diplay                             0x08002248   Section        0  display.o(i.SMG_Diplay)
    i.SMG_DisplayMenuOne                     0x08002288   Section        0  display.o(i.SMG_DisplayMenuOne)
    i.SMG_DisplayMenuTwo_DEL_SET             0x08002310   Section        0  display.o(i.SMG_DisplayMenuTwo_DEL_SET)
    i.SMG_DisplayMenuTwo_OFFD                0x0800241c   Section        0  display.o(i.SMG_DisplayMenuTwo_OFFD)
    i.SMG_DisplayMenuTwo_OFFD_SET            0x0800245c   Section        0  display.o(i.SMG_DisplayMenuTwo_OFFD_SET)
    i.SMG_DisplayMenuTwo_ON_Delay            0x08002568   Section        0  display.o(i.SMG_DisplayMenuTwo_ON_Delay)
    i.SMG_DisplayMenuTwo_ON_Delay_SET        0x080025a8   Section        0  display.o(i.SMG_DisplayMenuTwo_ON_Delay_SET)
    i.SMG_DisplayMenuTwo_SHOT                0x080026b4   Section        0  display.o(i.SMG_DisplayMenuTwo_SHOT)
    i.SMG_DisplayMenuTwo_SHOT_SET            0x080026f4   Section        0  display.o(i.SMG_DisplayMenuTwo_SHOT_SET)
    i.SMG_DisplayMenuTwo_TOFF                0x08002800   Section        0  display.o(i.SMG_DisplayMenuTwo_TOFF)
    i.SMG_DisplayModeDETECT                  0x08002840   Section        0  display.o(i.SMG_DisplayModeDETECT)
    i.SMG_DisplayModeONE                     0x08002878   Section        0  display.o(i.SMG_DisplayModeONE)
    i.SMG_DisplayModeONE_Detect_AREA_HI      0x08002960   Section        0  display.o(i.SMG_DisplayModeONE_Detect_AREA_HI)
    i.SMG_DisplayModeONE_Detect_AREA_LO      0x08002a5c   Section        0  display.o(i.SMG_DisplayModeONE_Detect_AREA_LO)
    i.SMG_DisplayModeTHIRD                   0x08002b58   Section        0  display.o(i.SMG_DisplayModeTHIRD)
    i.SMG_DisplayModeTWO                     0x08002be0   Section        0  display.o(i.SMG_DisplayModeTWO)
    i.SMG_DisplayOUT_STATUS                  0x08002c0c   Section        0  display.o(i.SMG_DisplayOUT_STATUS)
    i.SMG_DisplaySET_Step_1_Mode             0x08002c48   Section        0  display.o(i.SMG_DisplaySET_Step_1_Mode)
    i.SMG_DisplaySET_Step_2_Mode             0x08002d18   Section        0  display.o(i.SMG_DisplaySET_Step_2_Mode)
    i.SMG_GPIO_INIT                          0x08002de8   Section        0  main.o(i.SMG_GPIO_INIT)
    i.SVC_Handler                            0x08002fe4   Section        0  stm32f0xx_it.o(i.SVC_Handler)
    i.SetOUT1Status                          0x08002fe8   Section        0  differentialdc.o(i.SetOUT1Status)
    i.SetOUT2Status                          0x080030ac   Section        0  differentialdc.o(i.SetOUT2Status)
    i.SetSysClock                            0x080030ec   Section        0  system_stm32f0xx.o(i.SetSysClock)
    SetSysClock                              0x080030ed   Thumb Code    80  system_stm32f0xx.o(i.SetSysClock)
    i.ShortCircuitProtection                 0x08003144   Section        0  differentialdc.o(i.ShortCircuitProtection)
    i.SysTick_Handler                        0x08003198   Section        0  stm32f0xx_it.o(i.SysTick_Handler)
    i.SystemInit                             0x0800319c   Section        0  system_stm32f0xx.o(i.SystemInit)
    i.TIM1_BRK_UP_TRG_COM_IRQHandler         0x080031fc   Section        0  main.o(i.TIM1_BRK_UP_TRG_COM_IRQHandler)
    i.TIM2_IRQHandler                        0x0800321c   Section        0  main.o(i.TIM2_IRQHandler)
    i.TIM3_IRQHandler                        0x08003238   Section        0  main.o(i.TIM3_IRQHandler)
    i.TIM_ARRPreloadConfig                   0x080032e8   Section        0  stm32f0xx_tim.o(i.TIM_ARRPreloadConfig)
    i.TIM_ClearITPendingBit                  0x080032fa   Section        0  stm32f0xx_tim.o(i.TIM_ClearITPendingBit)
    i.TIM_Cmd                                0x08003300   Section        0  stm32f0xx_tim.o(i.TIM_Cmd)
    i.TIM_DeInit                             0x08003314   Section        0  stm32f0xx_tim.o(i.TIM_DeInit)
    i.TIM_GetITStatus                        0x080033e0   Section        0  stm32f0xx_tim.o(i.TIM_GetITStatus)
    i.TIM_ITConfig                           0x080033f8   Section        0  stm32f0xx_tim.o(i.TIM_ITConfig)
    i.TIM_OC2Init                            0x08003408   Section        0  stm32f0xx_tim.o(i.TIM_OC2Init)
    i.TIM_OC2PreloadConfig                   0x08003498   Section        0  stm32f0xx_tim.o(i.TIM_OC2PreloadConfig)
    i.TIM_SelectOutputTrigger                0x080034ac   Section        0  stm32f0xx_tim.o(i.TIM_SelectOutputTrigger)
    i.TIM_TimeBaseInit                       0x080034bc   Section        0  stm32f0xx_tim.o(i.TIM_TimeBaseInit)
    i.TIM_TimeBaseStructInit                 0x08003530   Section        0  stm32f0xx_tim.o(i.TIM_TimeBaseStructInit)
    i.Test_Delay                             0x08003542   Section        0  differentialdc.o(i.Test_Delay)
    i.WriteFlash                             0x08003552   Section        0  differentialdc.o(i.WriteFlash)
    i.__scatterload_copy                     0x0800357c   Section       14  handlers.o(i.__scatterload_copy)
    i.__scatterload_null                     0x0800358a   Section        2  handlers.o(i.__scatterload_null)
    i.__scatterload_zeroinit                 0x0800358c   Section       14  handlers.o(i.__scatterload_zeroinit)
    i.adc_config                             0x0800359c   Section        0  main.o(i.adc_config)
    i.adc_dma_init                           0x08003624   Section        0  main.o(i.adc_dma_init)
    i.adc_gpio_init                          0x080036a4   Section        0  main.o(i.adc_gpio_init)
    i.adc_timer_init                         0x080036d4   Section        0  main.o(i.adc_timer_init)
    i.differenttialDC                        0x080037e8   Section        0  differentialdc.o(i.differenttialDC)
    i.func                                   0x0800389c   Section        0  main.o(i.func)
    i.main                                   0x080038cc   Section        0  main.o(i.main)
    i.menu                                   0x0800391c   Section        0  menu.o(i.menu)
    i.selfstudy                              0x08003a7c   Section        0  selfstudy.o(i.selfstudy)
    i.send_bit_RP1                           0x08003b14   Section        0  display.o(i.send_bit_RP1)
    i.send_seg_RP0                           0x08003bc0   Section        0  display.o(i.send_seg_RP0)
    i.user_adc_init                          0x08003c54   Section        0  main.o(i.user_adc_init)
    .constdata                               0x08003c68   Section       98  display.o(.constdata)
    .data                                    0x20000000   Section       40  main.o(.data)
    DMA_GetADC_Counter                       0x20000002   Data           1  main.o(.data)
    .data                                    0x20000028   Section        4  main.o(.data)
    .data                                    0x2000002c   Section       64  differentialdc.o(.data)
    lastCounter                              0x2000003a   Data           1  differentialdc.o(.data)
    lastCounter                              0x2000003b   Data           1  differentialdc.o(.data)
    lastCounter                              0x2000003c   Data           1  differentialdc.o(.data)
    lastCounter                              0x2000003d   Data           1  differentialdc.o(.data)
    LastThreshold                            0x2000004a   Data           2  differentialdc.o(.data)
    LastHIValue                              0x2000004c   Data           2  differentialdc.o(.data)
    LastLOValue                              0x2000004e   Data           2  differentialdc.o(.data)
    .data                                    0x2000006c   Section        4  differentialdc.o(.data)
    .data                                    0x20000070   Section       20  display.o(.data)
    Blinkflag                                0x20000071   Data           1  display.o(.data)
    Blinkflag                                0x20000072   Data           1  display.o(.data)
    Blinkflag                                0x20000073   Data           1  display.o(.data)
    Blinkflag                                0x20000074   Data           1  display.o(.data)
    Blinkflag                                0x20000075   Data           1  display.o(.data)
    Blinkflag                                0x20000076   Data           1  display.o(.data)
    Blinkflag                                0x20000077   Data           1  display.o(.data)
    Blinkflag                                0x20000078   Data           1  display.o(.data)
    Blinkflag                                0x20000079   Data           1  display.o(.data)
    bilinkflag                               0x2000007a   Data           1  display.o(.data)
    bilinkflag                               0x2000007b   Data           1  display.o(.data)
    .data                                    0x20000084   Section       20  menu.o(.data)
    lastCounter                              0x20000085   Data           1  menu.o(.data)
    lastCounter                              0x20000086   Data           1  menu.o(.data)
    lastCounter                              0x20000087   Data           1  menu.o(.data)
    lastCounter                              0x20000088   Data           1  menu.o(.data)
    lastCounter                              0x20000089   Data           1  menu.o(.data)
    lastCounter                              0x2000008a   Data           1  menu.o(.data)
    .data                                    0x20000098   Section       20  selfstudy.o(.data)
    .data                                    0x200000ac   Section       16  stm32f0xx_rcc.o(.data)
    APBAHBPrescTable                         0x200000ac   Data          16  stm32f0xx_rcc.o(.data)
    .bss                                     0x200000bc   Section       64  main.o(.bss)
    .bss                                     0x200000fc   Section       16  differentialdc.o(.bss)
    .bss                                     0x2000010c   Section     1032  differentialdc.o(.bss)
    .bss                                     0x20000514   Section        9  display.o(.bss)
    .bss                                     0x20000520   Section      128  key.o(.bss)
    STACK                                    0x200005a0   Section     1024  startup_stm32f0xx_ld.o(STACK)

    Global Symbols

    Symbol Name                              Value     Ov Type        Size  Object(Section)

    BuildAttributes$$THM_ISAv3M$S$PE$A:L22$X:L11$S22$IEEE1$IW$USESV6$~STKCKD$USESV7$~SHL$OSPACE$EBA8$MICROLIB$REQ8$PRES8$EABIv2 0x00000000   Number         0  anon$$obj.o ABSOLUTE
    __ARM_use_no_argv                        0x00000000   Number         0  main.o ABSOLUTE
    __cpp_initialize__aeabi_                  - Undefined Weak Reference
    __cxa_finalize                            - Undefined Weak Reference
    __decompress                              - Undefined Weak Reference
    _clock_init                               - Undefined Weak Reference
    _microlib_exit                            - Undefined Weak Reference
    __Vectors_Size                           0x000000b0   Number         0  startup_stm32f0xx_ld.o ABSOLUTE
    __Vectors                                0x08000000   Data           4  startup_stm32f0xx_ld.o(RESET)
    __Vectors_End                            0x080000b0   Data           0  startup_stm32f0xx_ld.o(RESET)
    __main                                   0x080000b1   Thumb Code     0  entry.o(.ARM.Collect$$$$00000000)
    _main_stk                                0x080000b1   Thumb Code     0  entry2.o(.ARM.Collect$$$$00000001)
    _main_scatterload                        0x080000b5   Thumb Code     0  entry5.o(.ARM.Collect$$$$00000004)
    __main_after_scatterload                 0x080000b9   Thumb Code     0  entry5.o(.ARM.Collect$$$$00000004)
    _main_clock                              0x080000b9   Thumb Code     0  entry7b.o(.ARM.Collect$$$$00000008)
    _main_cpp_init                           0x080000b9   Thumb Code     0  entry8b.o(.ARM.Collect$$$$0000000A)
    _main_init                               0x080000b9   Thumb Code     0  entry9a.o(.ARM.Collect$$$$0000000B)
    __rt_final_cpp                           0x080000c1   Thumb Code     0  entry10a.o(.ARM.Collect$$$$0000000D)
    __rt_final_exit                          0x080000c1   Thumb Code     0  entry11a.o(.ARM.Collect$$$$0000000F)
    Reset_Handler                            0x080000c5   Thumb Code    38  startup_stm32f0xx_ld.o(.text)
    ADC1_IRQHandler                          0x080000f5   Thumb Code     0  startup_stm32f0xx_ld.o(.text)
    DMA1_Channel2_3_IRQHandler               0x080000f5   Thumb Code     0  startup_stm32f0xx_ld.o(.text)
    DMA1_Channel4_5_IRQHandler               0x080000f5   Thumb Code     0  startup_stm32f0xx_ld.o(.text)
    EXTI0_1_IRQHandler                       0x080000f5   Thumb Code     0  startup_stm32f0xx_ld.o(.text)
    EXTI2_3_IRQHandler                       0x080000f5   Thumb Code     0  startup_stm32f0xx_ld.o(.text)
    EXTI4_15_IRQHandler                      0x080000f5   Thumb Code     0  startup_stm32f0xx_ld.o(.text)
    FLASH_IRQHandler                         0x080000f5   Thumb Code     0  startup_stm32f0xx_ld.o(.text)
    I2C1_IRQHandler                          0x080000f5   Thumb Code     0  startup_stm32f0xx_ld.o(.text)
    PVD_IRQHandler                           0x080000f5   Thumb Code     0  startup_stm32f0xx_ld.o(.text)
    RCC_IRQHandler                           0x080000f5   Thumb Code     0  startup_stm32f0xx_ld.o(.text)
    RTC_IRQHandler                           0x080000f5   Thumb Code     0  startup_stm32f0xx_ld.o(.text)
    SPI1_IRQHandler                          0x080000f5   Thumb Code     0  startup_stm32f0xx_ld.o(.text)
    TIM14_IRQHandler                         0x080000f5   Thumb Code     0  startup_stm32f0xx_ld.o(.text)
    TIM16_IRQHandler                         0x080000f5   Thumb Code     0  startup_stm32f0xx_ld.o(.text)
    TIM17_IRQHandler                         0x080000f5   Thumb Code     0  startup_stm32f0xx_ld.o(.text)
    TIM1_CC_IRQHandler                       0x080000f5   Thumb Code     0  startup_stm32f0xx_ld.o(.text)
    USART1_IRQHandler                        0x080000f5   Thumb Code     0  startup_stm32f0xx_ld.o(.text)
    WWDG_IRQHandler                          0x080000f5   Thumb Code     0  startup_stm32f0xx_ld.o(.text)
    __aeabi_uidiv                            0x0800011d   Thumb Code     0  uidiv.o(.text)
    __aeabi_uidivmod                         0x0800011d   Thumb Code    44  uidiv.o(.text)
    __aeabi_idiv                             0x08000149   Thumb Code     0  idiv.o(.text)
    __aeabi_idivmod                          0x08000149   Thumb Code    40  idiv.o(.text)
    __scatterload                            0x08000171   Thumb Code    28  init.o(.text)
    __scatterload_rt2                        0x08000171   Thumb Code     0  init.o(.text)
    ADCINcalibration                         0x08000195   Thumb Code   104  selfstudy.o(i.ADCINcalibration)
    ADC_ChannelConfig                        0x08000211   Thumb Code    10  stm32f0xx_adc.o(i.ADC_ChannelConfig)
    ADC_Cmd                                  0x0800021b   Thumb Code    18  stm32f0xx_adc.o(i.ADC_Cmd)
    ADC_DMACmd                               0x0800022d   Thumb Code    20  stm32f0xx_adc.o(i.ADC_DMACmd)
    ADC_DMARequestModeConfig                 0x08000241   Thumb Code    16  stm32f0xx_adc.o(i.ADC_DMARequestModeConfig)
    ADC_DeInit                               0x08000251   Thumb Code    28  stm32f0xx_adc.o(i.ADC_DeInit)
    ADC_GetCalibrationFactor                 0x08000271   Thumb Code    46  stm32f0xx_adc.o(i.ADC_GetCalibrationFactor)
    ADC_GetFlagStatus                        0x0800029f   Thumb Code    28  stm32f0xx_adc.o(i.ADC_GetFlagStatus)
    ADC_Init                                 0x080002bd   Thumb Code    38  stm32f0xx_adc.o(i.ADC_Init)
    ADC_OverrunModeCmd                       0x080002e9   Thumb Code    20  stm32f0xx_adc.o(i.ADC_OverrunModeCmd)
    ADC_StartOfConversion                    0x080002fd   Thumb Code    10  stm32f0xx_adc.o(i.ADC_StartOfConversion)
    ADC_StructInit                           0x08000307   Thumb Code    16  stm32f0xx_adc.o(i.ADC_StructInit)
    ButtonMapping                            0x08000319   Thumb Code   352  differentialdc.o(i.ButtonMapping)
    ButtonMappingDisplay                     0x080004b5   Thumb Code    86  display.o(i.ButtonMappingDisplay)
    Button_Init                              0x08000515   Thumb Code   190  key.o(i.Button_Init)
    DAC_SetChannel1Data                      0x080005e5   Thumb Code    14  stm32f0xx_dac.o(i.DAC_SetChannel1Data)
    DAC_SoftwareTriggerCmd                   0x080005f9   Thumb Code    24  stm32f0xx_dac.o(i.DAC_SoftwareTriggerCmd)
    DEL_Set                                  0x08000615   Thumb Code   260  differentialdc.o(i.DEL_Set)
    DMA1_Channel1_IRQHandler                 0x0800072d   Thumb Code   158  main.o(i.DMA1_Channel1_IRQHandler)
    DMA_ClearITPendingBit                    0x080007fd   Thumb Code    14  stm32f0xx_dma.o(i.DMA_ClearITPendingBit)
    DMA_Cmd                                  0x08000815   Thumb Code    20  stm32f0xx_dma.o(i.DMA_Cmd)
    DMA_DeInit                               0x0800082d   Thumb Code   178  stm32f0xx_dma.o(i.DMA_DeInit)
    DMA_GetITStatus                          0x080008ed   Thumb Code    24  stm32f0xx_dma.o(i.DMA_GetITStatus)
    DMA_ITConfig                             0x0800090d   Thumb Code    16  stm32f0xx_dma.o(i.DMA_ITConfig)
    DMA_Init                                 0x0800091d   Thumb Code    56  stm32f0xx_dma.o(i.DMA_Init)
    DMA_StructInit                           0x08000959   Thumb Code    26  stm32f0xx_dma.o(i.DMA_StructInit)
    DisplayMODE                              0x08000975   Thumb Code   346  differentialdc.o(i.DisplayMODE)
    DisplayModeONE                           0x08000ae9   Thumb Code    22  differentialdc.o(i.DisplayModeONE)
    DisplayModeONE_AREA                      0x08000b05   Thumb Code   576  differentialdc.o(i.DisplayModeONE_AREA)
    DisplayModeONE_STD                       0x08000d61   Thumb Code   286  differentialdc.o(i.DisplayModeONE_STD)
    DisplayModeTHIRD                         0x08000e99   Thumb Code    24  differentialdc.o(i.DisplayModeTHIRD)
    DisplayModeTWO                           0x08000ebd   Thumb Code   100  differentialdc.o(i.DisplayModeTWO)
    FLASH_ClearFlag                          0x08000f31   Thumb Code     6  stm32f0xx_flash.o(i.FLASH_ClearFlag)
    FLASH_ErasePage                          0x08000f3d   Thumb Code    52  stm32f0xx_flash.o(i.FLASH_ErasePage)
    FLASH_GetStatus                          0x08000f75   Thumb Code    34  stm32f0xx_flash.o(i.FLASH_GetStatus)
    FLASH_Lock                               0x08000f9d   Thumb Code    12  stm32f0xx_flash.o(i.FLASH_Lock)
    FLASH_ProgramWord                        0x08000fad   Thumb Code    70  stm32f0xx_flash.o(i.FLASH_ProgramWord)
    FLASH_Unlock                             0x08000ff9   Thumb Code    18  stm32f0xx_flash.o(i.FLASH_Unlock)
    FLASH_WaitForLastOperation               0x08001019   Thumb Code    34  stm32f0xx_flash.o(i.FLASH_WaitForLastOperation)
    FlashCheck                               0x0800103d   Thumb Code    56  main.o(i.FlashCheck)
    Formula_100                              0x08001081   Thumb Code   126  main.o(i.Formula_100)
    GPIO_Init                                0x08001105   Thumb Code   112  stm32f0xx_gpio.o(i.GPIO_Init)
    GPIO_PinAFConfig                         0x08001175   Thumb Code    32  stm32f0xx_gpio.o(i.GPIO_PinAFConfig)
    GPIO_ReadInputDataBit                    0x08001195   Thumb Code    14  stm32f0xx_gpio.o(i.GPIO_ReadInputDataBit)
    GPIO_StructInit                          0x080011a5   Thumb Code    18  stm32f0xx_gpio.o(i.GPIO_StructInit)
    GPIO_WriteBit                            0x080011bd   Thumb Code    12  stm32f0xx_gpio.o(i.GPIO_WriteBit)
    GetADCValue                              0x080011c9   Thumb Code     8  differentialdc.o(i.GetADCValue)
    GetEEPROM                                0x080011d5   Thumb Code    68  differentialdc.o(i.GetEEPROM)
    GetIntNumber                             0x0800124d   Thumb Code    24  display.o(i.GetIntNumber)
    GetMAXADCValue                           0x08001265   Thumb Code   222  selfstudy.o(i.GetMAXADCValue)
    HardFault_Handler                        0x08001365   Thumb Code     2  stm32f0xx_it.o(i.HardFault_Handler)
    IO_GPIO_INIT                             0x08001369   Thumb Code   118  main.o(i.IO_GPIO_INIT)
    IWDG_Config                              0x080013e5   Thumb Code    46  main.o(i.IWDG_Config)
    IWDG_Enable                              0x08001419   Thumb Code     8  stm32f0xx_iwdg.o(i.IWDG_Enable)
    IWDG_ReloadCounter                       0x08001429   Thumb Code     8  stm32f0xx_iwdg.o(i.IWDG_ReloadCounter)
    IWDG_SetPrescaler                        0x08001439   Thumb Code     6  stm32f0xx_iwdg.o(i.IWDG_SetPrescaler)
    IWDG_SetReload                           0x08001445   Thumb Code     6  stm32f0xx_iwdg.o(i.IWDG_SetReload)
    IWDG_WriteAccessCmd                      0x08001451   Thumb Code     6  stm32f0xx_iwdg.o(i.IWDG_WriteAccessCmd)
    Key_Scan                                 0x0800145d   Thumb Code   290  key.o(i.Key_Scan)
    MenuOne_CounterSET                       0x08001585   Thumb Code   216  menu.o(i.MenuOne_CounterSET)
    MenuTwo_OUT1_DelaySET                    0x08001671   Thumb Code   368  menu.o(i.MenuTwo_OUT1_DelaySET)
    MenuTwo_OUT1_OFFD                        0x080017f1   Thumb Code   354  menu.o(i.MenuTwo_OUT1_OFFD)
    MenuTwo_OUT1_ON_D                        0x08001971   Thumb Code   342  menu.o(i.MenuTwo_OUT1_ON_D)
    MenuTwo_OUT1_SHOT                        0x08001ae5   Thumb Code   340  menu.o(i.MenuTwo_OUT1_SHOT)
    MenuTwo_OUT1_TOFF                        0x08001c55   Thumb Code    28  menu.o(i.MenuTwo_OUT1_TOFF)
    NMI_Handler                              0x08001c79   Thumb Code     2  stm32f0xx_it.o(i.NMI_Handler)
    NVIC_Init                                0x08001c7d   Thumb Code    70  stm32f0xx_misc.o(i.NVIC_Init)
    PendSV_Handler                           0x08001ccd   Thumb Code     2  stm32f0xx_it.o(i.PendSV_Handler)
    PressCallback                            0x08001ccf   Thumb Code    64  key.o(i.PressCallback)
    ProgramCheck                             0x08001d11   Thumb Code    52  main.o(i.ProgramCheck)
    RCC_ADCCLKConfig                         0x08001d4d   Thumb Code    38  stm32f0xx_rcc.o(i.RCC_ADCCLKConfig)
    RCC_AHBPeriphClockCmd                    0x08001d79   Thumb Code    18  stm32f0xx_rcc.o(i.RCC_AHBPeriphClockCmd)
    RCC_APB1PeriphClockCmd                   0x08001d91   Thumb Code    18  stm32f0xx_rcc.o(i.RCC_APB1PeriphClockCmd)
    RCC_APB1PeriphResetCmd                   0x08001da9   Thumb Code    18  stm32f0xx_rcc.o(i.RCC_APB1PeriphResetCmd)
    RCC_APB2PeriphClockCmd                   0x08001dc1   Thumb Code    18  stm32f0xx_rcc.o(i.RCC_APB2PeriphClockCmd)
    RCC_APB2PeriphResetCmd                   0x08001dd9   Thumb Code    18  stm32f0xx_rcc.o(i.RCC_APB2PeriphResetCmd)
    RCC_ClearFlag                            0x08001df1   Thumb Code    14  stm32f0xx_rcc.o(i.RCC_ClearFlag)
    RCC_Configuration                        0x08001e05   Thumb Code    82  main.o(i.RCC_Configuration)
    RCC_DeInit                               0x08001e5d   Thumb Code    76  stm32f0xx_rcc.o(i.RCC_DeInit)
    RCC_GetClocksFreq                        0x08001eb9   Thumb Code   346  stm32f0xx_rcc.o(i.RCC_GetClocksFreq)
    RCC_GetFlagStatus                        0x08002031   Thumb Code    48  stm32f0xx_rcc.o(i.RCC_GetFlagStatus)
    RCC_GetSYSCLKSource                      0x08002065   Thumb Code    10  stm32f0xx_rcc.o(i.RCC_GetSYSCLKSource)
    RCC_HCLKConfig                           0x08002075   Thumb Code    14  stm32f0xx_rcc.o(i.RCC_HCLKConfig)
    RCC_HSICmd                               0x08002089   Thumb Code    22  stm32f0xx_rcc.o(i.RCC_HSICmd)
    RCC_PCLKConfig                           0x080020a5   Thumb Code    16  stm32f0xx_rcc.o(i.RCC_PCLKConfig)
    RCC_PLLCmd                               0x080020b9   Thumb Code    22  stm32f0xx_rcc.o(i.RCC_PLLCmd)
    RCC_PLLConfig                            0x080020d5   Thumb Code    24  stm32f0xx_rcc.o(i.RCC_PLLConfig)
    RCC_SYSCLKConfig                         0x080020f1   Thumb Code    14  stm32f0xx_rcc.o(i.RCC_SYSCLKConfig)
    ReadButtonStatus                         0x08002105   Thumb Code    26  key.o(i.ReadButtonStatus)
    ResetParameter                           0x08002121   Thumb Code   230  differentialdc.o(i.ResetParameter)
    SMG_Diplay                               0x08002249   Thumb Code    50  display.o(i.SMG_Diplay)
    SMG_DisplayMenuOne                       0x08002289   Thumb Code   128  display.o(i.SMG_DisplayMenuOne)
    SMG_DisplayMenuTwo_DEL_SET               0x08002311   Thumb Code   254  display.o(i.SMG_DisplayMenuTwo_DEL_SET)
    SMG_DisplayMenuTwo_OFFD                  0x0800241d   Thumb Code    54  display.o(i.SMG_DisplayMenuTwo_OFFD)
    SMG_DisplayMenuTwo_OFFD_SET              0x0800245d   Thumb Code   254  display.o(i.SMG_DisplayMenuTwo_OFFD_SET)
    SMG_DisplayMenuTwo_ON_Delay              0x08002569   Thumb Code    56  display.o(i.SMG_DisplayMenuTwo_ON_Delay)
    SMG_DisplayMenuTwo_ON_Delay_SET          0x080025a9   Thumb Code   256  display.o(i.SMG_DisplayMenuTwo_ON_Delay_SET)
    SMG_DisplayMenuTwo_SHOT                  0x080026b5   Thumb Code    56  display.o(i.SMG_DisplayMenuTwo_SHOT)
    SMG_DisplayMenuTwo_SHOT_SET              0x080026f5   Thumb Code   256  display.o(i.SMG_DisplayMenuTwo_SHOT_SET)
    SMG_DisplayMenuTwo_TOFF                  0x08002801   Thumb Code    54  display.o(i.SMG_DisplayMenuTwo_TOFF)
    SMG_DisplayModeDETECT                    0x08002841   Thumb Code    50  display.o(i.SMG_DisplayModeDETECT)
    SMG_DisplayModeONE                       0x08002879   Thumb Code   224  display.o(i.SMG_DisplayModeONE)
    SMG_DisplayModeONE_Detect_AREA_HI        0x08002961   Thumb Code   242  display.o(i.SMG_DisplayModeONE_Detect_AREA_HI)
    SMG_DisplayModeONE_Detect_AREA_LO        0x08002a5d   Thumb Code   242  display.o(i.SMG_DisplayModeONE_Detect_AREA_LO)
    SMG_DisplayModeTHIRD                     0x08002b59   Thumb Code   128  display.o(i.SMG_DisplayModeTHIRD)
    SMG_DisplayModeTWO                       0x08002be1   Thumb Code    40  display.o(i.SMG_DisplayModeTWO)
    SMG_DisplayOUT_STATUS                    0x08002c0d   Thumb Code    54  display.o(i.SMG_DisplayOUT_STATUS)
    SMG_DisplaySET_Step_1_Mode               0x08002c49   Thumb Code   196  display.o(i.SMG_DisplaySET_Step_1_Mode)
    SMG_DisplaySET_Step_2_Mode               0x08002d19   Thumb Code   194  display.o(i.SMG_DisplaySET_Step_2_Mode)
    SMG_GPIO_INIT                            0x08002de9   Thumb Code   494  main.o(i.SMG_GPIO_INIT)
    SVC_Handler                              0x08002fe5   Thumb Code     2  stm32f0xx_it.o(i.SVC_Handler)
    SetOUT1Status                            0x08002fe9   Thumb Code   186  differentialdc.o(i.SetOUT1Status)
    SetOUT2Status                            0x080030ad   Thumb Code    60  differentialdc.o(i.SetOUT2Status)
    ShortCircuitProtection                   0x08003145   Thumb Code    76  differentialdc.o(i.ShortCircuitProtection)
    SysTick_Handler                          0x08003199   Thumb Code     2  stm32f0xx_it.o(i.SysTick_Handler)
    SystemInit                               0x0800319d   Thumb Code    84  system_stm32f0xx.o(i.SystemInit)
    TIM1_BRK_UP_TRG_COM_IRQHandler           0x080031fd   Thumb Code    26  main.o(i.TIM1_BRK_UP_TRG_COM_IRQHandler)
    TIM2_IRQHandler                          0x0800321d   Thumb Code    26  main.o(i.TIM2_IRQHandler)
    TIM3_IRQHandler                          0x08003239   Thumb Code   134  main.o(i.TIM3_IRQHandler)
    TIM_ARRPreloadConfig                     0x080032e9   Thumb Code    18  stm32f0xx_tim.o(i.TIM_ARRPreloadConfig)
    TIM_ClearITPendingBit                    0x080032fb   Thumb Code     6  stm32f0xx_tim.o(i.TIM_ClearITPendingBit)
    TIM_Cmd                                  0x08003301   Thumb Code    20  stm32f0xx_tim.o(i.TIM_Cmd)
    TIM_DeInit                               0x08003315   Thumb Code   172  stm32f0xx_tim.o(i.TIM_DeInit)
    TIM_GetITStatus                          0x080033e1   Thumb Code    24  stm32f0xx_tim.o(i.TIM_GetITStatus)
    TIM_ITConfig                             0x080033f9   Thumb Code    16  stm32f0xx_tim.o(i.TIM_ITConfig)
    TIM_OC2Init                              0x08003409   Thumb Code   124  stm32f0xx_tim.o(i.TIM_OC2Init)
    TIM_OC2PreloadConfig                     0x08003499   Thumb Code    14  stm32f0xx_tim.o(i.TIM_OC2PreloadConfig)
    TIM_SelectOutputTrigger                  0x080034ad   Thumb Code    16  stm32f0xx_tim.o(i.TIM_SelectOutputTrigger)
    TIM_TimeBaseInit                         0x080034bd   Thumb Code    88  stm32f0xx_tim.o(i.TIM_TimeBaseInit)
    TIM_TimeBaseStructInit                   0x08003531   Thumb Code    18  stm32f0xx_tim.o(i.TIM_TimeBaseStructInit)
    Test_Delay                               0x08003543   Thumb Code    16  differentialdc.o(i.Test_Delay)
    WriteFlash                               0x08003553   Thumb Code    42  differentialdc.o(i.WriteFlash)
    __scatterload_copy                       0x0800357d   Thumb Code    14  handlers.o(i.__scatterload_copy)
    __scatterload_null                       0x0800358b   Thumb Code     2  handlers.o(i.__scatterload_null)
    __scatterload_zeroinit                   0x0800358d   Thumb Code    14  handlers.o(i.__scatterload_zeroinit)
    adc_config                               0x0800359d   Thumb Code   126  main.o(i.adc_config)
    adc_dma_init                             0x08003625   Thumb Code   116  main.o(i.adc_dma_init)
    adc_gpio_init                            0x080036a5   Thumb Code    46  main.o(i.adc_gpio_init)
    adc_timer_init                           0x080036d5   Thumb Code   270  main.o(i.adc_timer_init)
    differenttialDC                          0x080037e9   Thumb Code   160  differentialdc.o(i.differenttialDC)
    func                                     0x0800389d   Thumb Code    46  main.o(i.func)
    main                                     0x080038cd   Thumb Code    70  main.o(i.main)
    menu                                     0x0800391d   Thumb Code   310  menu.o(i.menu)
    selfstudy                                0x08003a7d   Thumb Code   130  selfstudy.o(i.selfstudy)
    send_bit_RP1                             0x08003b15   Thumb Code   128  display.o(i.send_bit_RP1)
    send_seg_RP0                             0x08003bc1   Thumb Code   134  display.o(i.send_seg_RP0)
    user_adc_init                            0x08003c55   Thumb Code    20  main.o(i.user_adc_init)
    data_SMG_bit_table                       0x08003c68   Data          18  display.o(.constdata)
    data_SMG_seg_table                       0x08003c7a   Data          80  display.o(.constdata)
    Region$$Table$$Base                      0x08003ccc   Number         0  anon$$obj.o(Region$$Table)
    Region$$Table$$Limit                     0x08003cec   Number         0  anon$$obj.o(Region$$Table)
    sample_finish                            0x20000000   Data           1  main.o(.data)
    LastRegisterA                            0x20000001   Data           1  main.o(.data)
    CheckFLag                                0x20000003   Data           1  main.o(.data)
    Fml_CRC16                                0x20000004   Data           2  main.o(.data)
    OUTADCValue                              0x20000008   Data           4  main.o(.data)
    UID                                      0x2000000c   Data           4  main.o(.data)
    C                                        0x20000010   Data           4  main.o(.data)
    ProgramCounter                           0x20000014   Data           4  main.o(.data)
    timenum                                  0x20000018   Data           4  main.o(.data)
    FormulaResult                            0x2000001c   Data           4  main.o(.data)
    FormulaCheck                             0x20000020   Data           4  main.o(.data)
    UIDFlashResult                           0x20000024   Data           4  main.o(.data)
    Fml_Constant                             0x20000028   Data           4  main.o(.data)
    timeflag                                 0x2000002c   Data           1  differentialdc.o(.data)
    RegisterA                                0x2000002d   Data           1  differentialdc.o(.data)
    RegisterB                                0x2000002e   Data           1  differentialdc.o(.data)
    OUT1                                     0x2000002f   Data           1  differentialdc.o(.data)
    OUT2                                     0x20000030   Data           1  differentialdc.o(.data)
    ADCValueFlag                             0x20000031   Data           1  differentialdc.o(.data)
    KEY                                      0x20000032   Data           1  differentialdc.o(.data)
    ConfirmShortCircuit                      0x20000033   Data           1  differentialdc.o(.data)
    KeyMappingFlag                           0x20000034   Data           1  differentialdc.o(.data)
    EventFlag                                0x20000035   Data           1  differentialdc.o(.data)
    ShortCircuit                             0x20000036   Data           1  differentialdc.o(.data)
    displayModeONE_FLAG                      0x20000037   Data           1  differentialdc.o(.data)
    DisplayModeNo                            0x20000038   Data           1  differentialdc.o(.data)
    SHOTflag                                 0x20000039   Data           1  differentialdc.o(.data)
    DEL                                      0x2000003e   Data           2  differentialdc.o(.data)
    Threshold                                0x20000040   Data           2  differentialdc.o(.data)
    HI                                       0x20000042   Data           2  differentialdc.o(.data)
    LO                                       0x20000044   Data           2  differentialdc.o(.data)
    OUT2_TimerCounter                        0x20000046   Data           2  differentialdc.o(.data)
    ADC_Display_Index                        0x20000048   Data           2  differentialdc.o(.data)
    DealyBaseTime                            0x20000050   Data           4  differentialdc.o(.data)
    ADC_Display                              0x20000054   Data           4  differentialdc.o(.data)
    DACOUT                                   0x20000058   Data           4  differentialdc.o(.data)
    CPV                                      0x2000005c   Data           4  differentialdc.o(.data)
    ShortCircuitCounter                      0x20000060   Data           4  differentialdc.o(.data)
    ShortCircuitLastTime                     0x20000064   Data           4  differentialdc.o(.data)
    ShortCircuitTimer                        0x20000068   Data           4  differentialdc.o(.data)
    ADCValue                                 0x2000006c   Data           4  differentialdc.o(.data)
    SMG_BIT                                  0x20000070   Data           1  display.o(.data)
    SMG_Data                                 0x2000007c   Data           8  display.o(.data)
    DispalyNo                                0x20000084   Data           1  menu.o(.data)
    CSV                                      0x2000008c   Data           4  menu.o(.data)
    OUT1_Mode                                0x20000090   Data           8  menu.o(.data)
    selfDisplayEndFlay                       0x20000098   Data           1  selfstudy.o(.data)
    CalibrateADCValue                        0x2000009c   Data           4  selfstudy.o(.data)
    ADCMAX                                   0x200000a0   Data           4  selfstudy.o(.data)
    NewThreshold                             0x200000a4   Data           4  selfstudy.o(.data)
    TempMaxADCValue                          0x200000a8   Data           4  selfstudy.o(.data)
    adc_dma_tab                              0x200000bc   Data          12  main.o(.bss)
    SysClock                                 0x200000c8   Data          40  main.o(.bss)
    D                                        0x200000f0   Data          12  main.o(.bss)
    ADC_ROW_Value                            0x200000fc   Data          16  differentialdc.o(.bss)
    ADC_Display_Value                        0x2000010c   Data        1032  differentialdc.o(.bss)
    SMG_data_Decode_table                    0x20000514   Data           9  display.o(.bss)
    SetButton                                0x20000520   Data          32  key.o(.bss)
    ModeButton                               0x20000540   Data          32  key.o(.bss)
    UpButton                                 0x20000560   Data          32  key.o(.bss)
    DownButton                               0x20000580   Data          32  key.o(.bss)
    __initial_sp                             0x200009a0   Data           0  startup_stm32f0xx_ld.o(STACK)



==============================================================================

Memory Map of the image

  Image Entry point : 0x080000b1

  Load Region LR_IROM1 (Base: 0x08000000, Size: 0x00003da8, Max: 0x00010000, ABSOLUTE)

    Execution Region ER_IROM1 (Base: 0x08000000, Size: 0x00003cec, Max: 0x00010000, ABSOLUTE)

    Base Addr    Size         Type   Attr      Idx    E Section Name        Object

    0x08000000   0x000000b0   Data   RO         4732    RESET               startup_stm32f0xx_ld.o
    0x080000b0   0x00000000   Code   RO         4737  * .ARM.Collect$$$$00000000  mc_p.l(entry.o)
    0x080000b0   0x00000004   Code   RO         4746    .ARM.Collect$$$$00000001  mc_p.l(entry2.o)
    0x080000b4   0x00000004   Code   RO         4749    .ARM.Collect$$$$00000004  mc_p.l(entry5.o)
    0x080000b8   0x00000000   Code   RO         4751    .ARM.Collect$$$$00000008  mc_p.l(entry7b.o)
    0x080000b8   0x00000000   Code   RO         4753    .ARM.Collect$$$$0000000A  mc_p.l(entry8b.o)
    0x080000b8   0x00000008   Code   RO         4754    .ARM.Collect$$$$0000000B  mc_p.l(entry9a.o)
    0x080000c0   0x00000000   Code   RO         4756    .ARM.Collect$$$$0000000D  mc_p.l(entry10a.o)
    0x080000c0   0x00000000   Code   RO         4758    .ARM.Collect$$$$0000000F  mc_p.l(entry11a.o)
    0x080000c0   0x00000004   Code   RO         4747    .ARM.Collect$$$$00002712  mc_p.l(entry2.o)
    0x080000c4   0x00000058   Code   RO         4733    .text               startup_stm32f0xx_ld.o
    0x0800011c   0x0000002c   Code   RO         4740    .text               mc_p.l(uidiv.o)
    0x08000148   0x00000028   Code   RO         4742    .text               mc_p.l(idiv.o)
    0x08000170   0x00000024   Code   RO         4760    .text               mc_p.l(init.o)
    0x08000194   0x0000007c   Code   RO          837    i.ADCINcalibration  selfstudy.o
    0x08000210   0x0000000a   Code   RO         1129    i.ADC_ChannelConfig  stm32f0xx_adc.o
    0x0800021a   0x00000012   Code   RO         1133    i.ADC_Cmd           stm32f0xx_adc.o
    0x0800022c   0x00000014   Code   RO         1135    i.ADC_DMACmd        stm32f0xx_adc.o
    0x08000240   0x00000010   Code   RO         1136    i.ADC_DMARequestModeConfig  stm32f0xx_adc.o
    0x08000250   0x00000020   Code   RO         1137    i.ADC_DeInit        stm32f0xx_adc.o
    0x08000270   0x0000002e   Code   RO         1139    i.ADC_GetCalibrationFactor  stm32f0xx_adc.o
    0x0800029e   0x0000001c   Code   RO         1141    i.ADC_GetFlagStatus  stm32f0xx_adc.o
    0x080002ba   0x00000002   PAD
    0x080002bc   0x0000002c   Code   RO         1144    i.ADC_Init          stm32f0xx_adc.o
    0x080002e8   0x00000014   Code   RO         1146    i.ADC_OverrunModeCmd  stm32f0xx_adc.o
    0x080002fc   0x0000000a   Code   RO         1147    i.ADC_StartOfConversion  stm32f0xx_adc.o
    0x08000306   0x00000010   Code   RO         1149    i.ADC_StructInit    stm32f0xx_adc.o
    0x08000316   0x00000002   PAD
    0x08000318   0x0000019c   Code   RO          377    i.ButtonMapping     differentialdc.o
    0x080004b4   0x00000060   Code   RO          532    i.ButtonMappingDisplay  display.o
    0x08000514   0x000000d0   Code   RO          731    i.Button_Init       key.o
    0x080005e4   0x00000014   Code   RO         1890    i.DAC_SetChannel1Data  stm32f0xx_dac.o
    0x080005f8   0x0000001c   Code   RO         1893    i.DAC_SoftwareTriggerCmd  stm32f0xx_dac.o
    0x08000614   0x00000118   Code   RO          378    i.DEL_Set           differentialdc.o
    0x0800072c   0x000000d0   Code   RO          149    i.DMA1_Channel1_IRQHandler  main.o
    0x080007fc   0x00000018   Code   RO         2040    i.DMA_ClearITPendingBit  stm32f0xx_dma.o
    0x08000814   0x00000018   Code   RO         2041    i.DMA_Cmd           stm32f0xx_dma.o
    0x0800082c   0x000000c0   Code   RO         2042    i.DMA_DeInit        stm32f0xx_dma.o
    0x080008ec   0x00000020   Code   RO         2045    i.DMA_GetITStatus   stm32f0xx_dma.o
    0x0800090c   0x00000010   Code   RO         2046    i.DMA_ITConfig      stm32f0xx_dma.o
    0x0800091c   0x0000003c   Code   RO         2047    i.DMA_Init          stm32f0xx_dma.o
    0x08000958   0x0000001a   Code   RO         2050    i.DMA_StructInit    stm32f0xx_dma.o
    0x08000972   0x00000002   PAD
    0x08000974   0x00000174   Code   RO          379    i.DisplayMODE       differentialdc.o
    0x08000ae8   0x0000001c   Code   RO          381    i.DisplayModeONE    differentialdc.o
    0x08000b04   0x0000025c   Code   RO          382    i.DisplayModeONE_AREA  differentialdc.o
    0x08000d60   0x00000138   Code   RO          383    i.DisplayModeONE_STD  differentialdc.o
    0x08000e98   0x00000024   Code   RO          384    i.DisplayModeTHIRD  differentialdc.o
    0x08000ebc   0x00000074   Code   RO          385    i.DisplayModeTWO    differentialdc.o
    0x08000f30   0x0000000c   Code   RO         2187    i.FLASH_ClearFlag   stm32f0xx_flash.o
    0x08000f3c   0x00000038   Code   RO         2189    i.FLASH_ErasePage   stm32f0xx_flash.o
    0x08000f74   0x00000028   Code   RO         2192    i.FLASH_GetStatus   stm32f0xx_flash.o
    0x08000f9c   0x00000010   Code   RO         2194    i.FLASH_Lock        stm32f0xx_flash.o
    0x08000fac   0x0000004c   Code   RO         2214    i.FLASH_ProgramWord  stm32f0xx_flash.o
    0x08000ff8   0x00000020   Code   RO         2216    i.FLASH_Unlock      stm32f0xx_flash.o
    0x08001018   0x00000022   Code   RO         2217    i.FLASH_WaitForLastOperation  stm32f0xx_flash.o
    0x0800103a   0x00000002   PAD
    0x0800103c   0x00000044   Code   RO          151    i.FlashCheck        main.o
    0x08001080   0x00000084   Code   RO          152    i.Formula_100       main.o
    0x08001104   0x00000070   Code   RO         2387    i.GPIO_Init         stm32f0xx_gpio.o
    0x08001174   0x00000020   Code   RO         2388    i.GPIO_PinAFConfig  stm32f0xx_gpio.o
    0x08001194   0x0000000e   Code   RO         2391    i.GPIO_ReadInputDataBit  stm32f0xx_gpio.o
    0x080011a2   0x00000002   PAD
    0x080011a4   0x00000018   Code   RO         2396    i.GPIO_StructInit   stm32f0xx_gpio.o
    0x080011bc   0x0000000c   Code   RO         2398    i.GPIO_WriteBit     stm32f0xx_gpio.o
    0x080011c8   0x0000000c   Code   RO          386    i.GetADCValue       differentialdc.o
    0x080011d4   0x00000078   Code   RO          387    i.GetEEPROM         differentialdc.o
    0x0800124c   0x00000018   Code   RO          534    i.GetIntNumber      display.o
    0x08001264   0x00000100   Code   RO          838    i.GetMAXADCValue    selfstudy.o
    0x08001364   0x00000002   Code   RO            3    i.HardFault_Handler  stm32f0xx_it.o
    0x08001366   0x00000002   PAD
    0x08001368   0x0000007c   Code   RO          155    i.IO_GPIO_INIT      main.o
    0x080013e4   0x00000034   Code   RO          156    i.IWDG_Config       main.o
    0x08001418   0x00000010   Code   RO         2744    i.IWDG_Enable       stm32f0xx_iwdg.o
    0x08001428   0x00000010   Code   RO         2746    i.IWDG_ReloadCounter  stm32f0xx_iwdg.o
    0x08001438   0x0000000c   Code   RO         2747    i.IWDG_SetPrescaler  stm32f0xx_iwdg.o
    0x08001444   0x0000000c   Code   RO         2748    i.IWDG_SetReload    stm32f0xx_iwdg.o
    0x08001450   0x0000000c   Code   RO         2750    i.IWDG_WriteAccessCmd  stm32f0xx_iwdg.o
    0x0800145c   0x00000128   Code   RO          732    i.Key_Scan          key.o
    0x08001584   0x000000ec   Code   RO          775    i.MenuOne_CounterSET  menu.o
    0x08001670   0x00000180   Code   RO          776    i.MenuTwo_OUT1_DelaySET  menu.o
    0x080017f0   0x00000180   Code   RO          777    i.MenuTwo_OUT1_OFFD  menu.o
    0x08001970   0x00000174   Code   RO          778    i.MenuTwo_OUT1_ON_D  menu.o
    0x08001ae4   0x00000170   Code   RO          779    i.MenuTwo_OUT1_SHOT  menu.o
    0x08001c54   0x00000024   Code   RO          780    i.MenuTwo_OUT1_TOFF  menu.o
    0x08001c78   0x00000002   Code   RO            4    i.NMI_Handler       stm32f0xx_it.o
    0x08001c7a   0x00000002   PAD
    0x08001c7c   0x00000050   Code   RO         2800    i.NVIC_Init         stm32f0xx_misc.o
    0x08001ccc   0x00000002   Code   RO            5    i.PendSV_Handler    stm32f0xx_it.o
    0x08001cce   0x00000040   Code   RO          733    i.PressCallback     key.o
    0x08001d0e   0x00000002   PAD
    0x08001d10   0x0000003c   Code   RO          157    i.ProgramCheck      main.o
    0x08001d4c   0x0000002c   Code   RO         2906    i.RCC_ADCCLKConfig  stm32f0xx_rcc.o
    0x08001d78   0x00000018   Code   RO         2907    i.RCC_AHBPeriphClockCmd  stm32f0xx_rcc.o
    0x08001d90   0x00000018   Code   RO         2909    i.RCC_APB1PeriphClockCmd  stm32f0xx_rcc.o
    0x08001da8   0x00000018   Code   RO         2910    i.RCC_APB1PeriphResetCmd  stm32f0xx_rcc.o
    0x08001dc0   0x00000018   Code   RO         2911    i.RCC_APB2PeriphClockCmd  stm32f0xx_rcc.o
    0x08001dd8   0x00000018   Code   RO         2912    i.RCC_APB2PeriphResetCmd  stm32f0xx_rcc.o
    0x08001df0   0x00000014   Code   RO         2917    i.RCC_ClearFlag     stm32f0xx_rcc.o
    0x08001e04   0x00000058   Code   RO          158    i.RCC_Configuration  main.o
    0x08001e5c   0x0000005c   Code   RO         2920    i.RCC_DeInit        stm32f0xx_rcc.o
    0x08001eb8   0x00000178   Code   RO         2921    i.RCC_GetClocksFreq  stm32f0xx_rcc.o
    0x08002030   0x00000034   Code   RO         2922    i.RCC_GetFlagStatus  stm32f0xx_rcc.o
    0x08002064   0x00000010   Code   RO         2924    i.RCC_GetSYSCLKSource  stm32f0xx_rcc.o
    0x08002074   0x00000014   Code   RO         2925    i.RCC_HCLKConfig    stm32f0xx_rcc.o
    0x08002088   0x0000001c   Code   RO         2930    i.RCC_HSICmd        stm32f0xx_rcc.o
    0x080020a4   0x00000014   Code   RO         2937    i.RCC_PCLKConfig    stm32f0xx_rcc.o
    0x080020b8   0x0000001c   Code   RO         2938    i.RCC_PLLCmd        stm32f0xx_rcc.o
    0x080020d4   0x0000001c   Code   RO         2939    i.RCC_PLLConfig     stm32f0xx_rcc.o
    0x080020f0   0x00000014   Code   RO         2943    i.RCC_SYSCLKConfig  stm32f0xx_rcc.o
    0x08002104   0x0000001a   Code   RO          734    i.ReadButtonStatus  key.o
    0x0800211e   0x00000002   PAD
    0x08002120   0x00000128   Code   RO          389    i.ResetParameter    differentialdc.o
    0x08002248   0x00000040   Code   RO          536    i.SMG_Diplay        display.o
    0x08002288   0x00000088   Code   RO          537    i.SMG_DisplayMenuOne  display.o
    0x08002310   0x0000010c   Code   RO          539    i.SMG_DisplayMenuTwo_DEL_SET  display.o
    0x0800241c   0x00000040   Code   RO          540    i.SMG_DisplayMenuTwo_OFFD  display.o
    0x0800245c   0x0000010c   Code   RO          541    i.SMG_DisplayMenuTwo_OFFD_SET  display.o
    0x08002568   0x00000040   Code   RO          542    i.SMG_DisplayMenuTwo_ON_Delay  display.o
    0x080025a8   0x0000010c   Code   RO          543    i.SMG_DisplayMenuTwo_ON_Delay_SET  display.o
    0x080026b4   0x00000040   Code   RO          544    i.SMG_DisplayMenuTwo_SHOT  display.o
    0x080026f4   0x0000010c   Code   RO          545    i.SMG_DisplayMenuTwo_SHOT_SET  display.o
    0x08002800   0x00000040   Code   RO          546    i.SMG_DisplayMenuTwo_TOFF  display.o
    0x08002840   0x00000038   Code   RO          547    i.SMG_DisplayModeDETECT  display.o
    0x08002878   0x000000e8   Code   RO          548    i.SMG_DisplayModeONE  display.o
    0x08002960   0x000000fc   Code   RO          549    i.SMG_DisplayModeONE_Detect_AREA_HI  display.o
    0x08002a5c   0x000000fc   Code   RO          550    i.SMG_DisplayModeONE_Detect_AREA_LO  display.o
    0x08002b58   0x00000088   Code   RO          551    i.SMG_DisplayModeTHIRD  display.o
    0x08002be0   0x0000002c   Code   RO          552    i.SMG_DisplayModeTWO  display.o
    0x08002c0c   0x0000003c   Code   RO          553    i.SMG_DisplayOUT_STATUS  display.o
    0x08002c48   0x000000d0   Code   RO          554    i.SMG_DisplaySET_Step_1_Mode  display.o
    0x08002d18   0x000000d0   Code   RO          555    i.SMG_DisplaySET_Step_2_Mode  display.o
    0x08002de8   0x000001fc   Code   RO          159    i.SMG_GPIO_INIT     main.o
    0x08002fe4   0x00000002   Code   RO            6    i.SVC_Handler       stm32f0xx_it.o
    0x08002fe6   0x00000002   PAD
    0x08002fe8   0x000000c4   Code   RO          390    i.SetOUT1Status     differentialdc.o
    0x080030ac   0x00000040   Code   RO          391    i.SetOUT2Status     differentialdc.o
    0x080030ec   0x00000058   Code   RO         4695    i.SetSysClock       system_stm32f0xx.o
    0x08003144   0x00000054   Code   RO          392    i.ShortCircuitProtection  differentialdc.o
    0x08003198   0x00000002   Code   RO            7    i.SysTick_Handler   stm32f0xx_it.o
    0x0800319a   0x00000002   PAD
    0x0800319c   0x00000060   Code   RO         4697    i.SystemInit        system_stm32f0xx.o
    0x080031fc   0x00000020   Code   RO          160    i.TIM1_BRK_UP_TRG_COM_IRQHandler  main.o
    0x0800321c   0x0000001a   Code   RO          161    i.TIM2_IRQHandler   main.o
    0x08003236   0x00000002   PAD
    0x08003238   0x000000b0   Code   RO          162    i.TIM3_IRQHandler   main.o
    0x080032e8   0x00000012   Code   RO         3774    i.TIM_ARRPreloadConfig  stm32f0xx_tim.o
    0x080032fa   0x00000006   Code   RO         3781    i.TIM_ClearITPendingBit  stm32f0xx_tim.o
    0x08003300   0x00000014   Code   RO         3786    i.TIM_Cmd           stm32f0xx_tim.o
    0x08003314   0x000000cc   Code   RO         3791    i.TIM_DeInit        stm32f0xx_tim.o
    0x080033e0   0x00000018   Code   RO         3807    i.TIM_GetITStatus   stm32f0xx_tim.o
    0x080033f8   0x00000010   Code   RO         3811    i.TIM_ITConfig      stm32f0xx_tim.o
    0x08003408   0x00000090   Code   RO         3820    i.TIM_OC2Init       stm32f0xx_tim.o
    0x08003498   0x00000014   Code   RO         3823    i.TIM_OC2PreloadConfig  stm32f0xx_tim.o
    0x080034ac   0x00000010   Code   RO         3845    i.TIM_SelectOutputTrigger  stm32f0xx_tim.o
    0x080034bc   0x00000074   Code   RO         3859    i.TIM_TimeBaseInit  stm32f0xx_tim.o
    0x08003530   0x00000012   Code   RO         3860    i.TIM_TimeBaseStructInit  stm32f0xx_tim.o
    0x08003542   0x00000010   Code   RO          393    i.Test_Delay        differentialdc.o
    0x08003552   0x0000002a   Code   RO          394    i.WriteFlash        differentialdc.o
    0x0800357c   0x0000000e   Code   RO         4764    i.__scatterload_copy  mc_p.l(handlers.o)
    0x0800358a   0x00000002   Code   RO         4765    i.__scatterload_null  mc_p.l(handlers.o)
    0x0800358c   0x0000000e   Code   RO         4766    i.__scatterload_zeroinit  mc_p.l(handlers.o)
    0x0800359a   0x00000002   PAD
    0x0800359c   0x00000088   Code   RO          167    i.adc_config        main.o
    0x08003624   0x00000080   Code   RO          168    i.adc_dma_init      main.o
    0x080036a4   0x0000002e   Code   RO          169    i.adc_gpio_init     main.o
    0x080036d2   0x00000002   PAD
    0x080036d4   0x00000114   Code   RO          170    i.adc_timer_init    main.o
    0x080037e8   0x000000b4   Code   RO          395    i.differenttialDC   differentialdc.o
    0x0800389c   0x0000002e   Code   RO          172    i.func              main.o
    0x080038ca   0x00000002   PAD
    0x080038cc   0x00000050   Code   RO          173    i.main              main.o
    0x0800391c   0x00000160   Code   RO          781    i.menu              menu.o
    0x08003a7c   0x00000098   Code   RO          839    i.selfstudy         selfstudy.o
    0x08003b14   0x000000ac   Code   RO          558    i.send_bit_RP1      display.o
    0x08003bc0   0x00000094   Code   RO          559    i.send_seg_RP0      display.o
    0x08003c54   0x00000014   Code   RO          174    i.user_adc_init     main.o
    0x08003c68   0x00000062   Data   RO          561    .constdata          display.o
    0x08003cca   0x00000002   PAD
    0x08003ccc   0x00000020   Data   RO         4762    Region$$Table       anon$$obj.o


    Execution Region RW_IRAM1 (Base: 0x20000000, Size: 0x000009a0, Max: 0x00002000, ABSOLUTE)

    Base Addr    Size         Type   Attr      Idx    E Section Name        Object

    0x20000000   0x00000028   Data   RW          183    .data               main.o
    0x20000028   0x00000004   Data   RW          190    .data               main.o
    0x2000002c   0x00000040   Data   RW          398    .data               differentialdc.o
    0x2000006c   0x00000004   Data   RW          400    .data               differentialdc.o
    0x20000070   0x00000014   Data   RW          562    .data               display.o
    0x20000084   0x00000014   Data   RW          782    .data               menu.o
    0x20000098   0x00000014   Data   RW          840    .data               selfstudy.o
    0x200000ac   0x00000010   Data   RW         2947    .data               stm32f0xx_rcc.o
    0x200000bc   0x00000040   Zero   RW          175    .bss                main.o
    0x200000fc   0x00000010   Zero   RW          396    .bss                differentialdc.o
    0x2000010c   0x00000408   Zero   RW          397    .bss                differentialdc.o
    0x20000514   0x00000009   Zero   RW          560    .bss                display.o
    0x2000051d   0x00000003   PAD
    0x20000520   0x00000080   Zero   RW          735    .bss                key.o
    0x200005a0   0x00000400   Zero   RW         4730    STACK               startup_stm32f0xx_ld.o


==============================================================================

Image component sizes


      Code (inc. data)   RO Data    RW Data    ZI Data      Debug   Object Name

      3170        358          0         68       1048      15015   differentialdc.o
      3416        256         98         20          9      21967   display.o
       594         24          0          0        128       4039   key.o
      2206        194          0         44         64      12348   main.o
      2132        174          0         20          0       6170   menu.o
       532         76          0         20          0       2233   selfstudy.o
        88         38        176          0       1024        752   startup_stm32f0xx_ld.o
       260         10          0          0          0       6935   stm32f0xx_adc.o
        48         10          0          0          0       1891   stm32f0xx_dac.o
       374         40          0          0          0       5864   stm32f0xx_dma.o
       266         40          0          0          0       4759   stm32f0xx_flash.o
       194          6          0          0          0       3517   stm32f0xx_gpio.o
        10          0          0          0          0     248267   stm32f0xx_it.o
        68         34          0          0          0       2642   stm32f0xx_iwdg.o
        80         10          0          0          0       1040   stm32f0xx_misc.o
       864        130          0         16          0      10993   stm32f0xx_rcc.o
       602         86          0          0          0       8141   stm32f0xx_tim.o
       184         20          0          0          0       1285   system_stm32f0xx.o

    ----------------------------------------------------------------------
     15116       1506        308        188       2276     357858   Object Totals
         0          0         32          0          0          0   (incl. Generated)
        28          0          2          0          3          0   (incl. Padding)

    ----------------------------------------------------------------------

      Code (inc. data)   RO Data    RW Data    ZI Data      Debug   Library Member Name

         0          0          0          0          0          0   entry.o
         0          0          0          0          0          0   entry10a.o
         0          0          0          0          0          0   entry11a.o
         8          4          0          0          0          0   entry2.o
         4          0          0          0          0          0   entry5.o
         0          0          0          0          0          0   entry7b.o
         0          0          0          0          0          0   entry8b.o
         8          4          0          0          0          0   entry9a.o
        30          0          0          0          0          0   handlers.o
        40          0          0          0          0         72   idiv.o
        36          8          0          0          0         68   init.o
        44          0          0          0          0         72   uidiv.o

    ----------------------------------------------------------------------
       172         16          0          0          0        212   Library Totals
         2          0          0          0          0          0   (incl. Padding)

    ----------------------------------------------------------------------

      Code (inc. data)   RO Data    RW Data    ZI Data      Debug   Library Name

       170         16          0          0          0        212   mc_p.l

    ----------------------------------------------------------------------
       172         16          0          0          0        212   Library Totals

    ----------------------------------------------------------------------

==============================================================================


      Code (inc. data)   RO Data    RW Data    ZI Data      Debug   

     15288       1522        308        188       2276     351974   Grand Totals
     15288       1522        308        188       2276     351974   ELF Image Totals
     15288       1522        308        188          0          0   ROM Totals

==============================================================================

    Total RO  Size (Code + RO Data)                15596 (  15.23kB)
    Total RW  Size (RW Data + ZI Data)              2464 (   2.41kB)
    Total ROM Size (Code + RO Data + RW Data)      15784 (  15.41kB)

==============================================================================

