<html>
<body>
<pre>
<h1>µVision Build Log</h1>
<h2>Tool Versions:</h2>
IDE-Version: ¦ÌVision V5.20.0.39
Copyright (C) 2016 ARM Ltd and ARM Germany GmbH. All rights reserved.
License Information: ZHR Microsoft, Microsoft, LIC=Z3C01-CE85R-IMF9B-2XH27-YTS5P-2L3Z7
 
Tool Versions:
Toolchain:       MDK-ARM Professional  Version: 5.14.0.0
Toolchain Path:  d:\Keil_v5\ARM\ARMCC\Bin
C Compiler:      Armcc.exe V5.05 update 1 (build 106)
Assembler:       Armasm.exe V5.05 update 1 (build 106)
Linker/Locator:  ArmLink.exe V5.05 update 1 (build 106)
Library Manager: ArmAr.exe V5.05 update 1 (build 106)
Hex Converter:   FromElf.exe V5.05 update 1 (build 106)
CPU DLL:         SARMCM3.DLL V5.14.0.0
Dialog DLL:      DARMCM1.DLL V1.12.0.0
Target DLL:      STLink\ST-LINKIII-KEIL_SWO.dll V2.0.14.0_KEIL
Dialog DLL:      TARMCM1.DLL V1.9.0.0
 
<h2>Project:</h2>
D:\ZHR\PersonalData\Project\code\Code\LPROX-10_V2\LPROX-10_V2\LPROX-10\MDK-ARM\STM32F0.uvprojx
Project File Date:  09/06/2017

<h2>Output:</h2>
*** Using Compiler 'V5.05 update 1 (build 106)', folder: 'd:\Keil_v5\ARM\ARMCC\Bin'
Rebuild target 'Target 1'
compiling stm32f0xx_it.c...
compiling main.c...
compiling differentialDC.c...
..\differentialDC.c(941): warning:  #188-D: enumerated type mixed with another type
  			KEY 									= *(__IO uint32_t*)(KEY_FLASH_DATA_ADDRESS);
..\differentialDC.c(934): warning:  #177-D: variable "tempKEY" was declared but never referenced
  		uint8_t tempKEY=0;
..\differentialDC.c: 2 warnings, 0 errors
compiling key.c...
..\key.c(232): warning:  #940-D: missing return statement at end of non-void function "ReadButtonStatus"
  }
..\key.c: 1 warning, 0 errors
compiling display.c...
compiling I2C_driver.c...
compiling menu.c...
compiling SelfStudy.c...
compiling bsp_i2c_gpio.c...
compiling bsp_eeprom_24xx.c...
compiling stm32f0xx_adc.c...
compiling stm32f0xx_can.c...
compiling stm32f0xx_cec.c...
compiling stm32f0xx_comp.c...
compiling stm32f0xx_crc.c...
compiling stm32f0xx_crs.c...
compiling stm32f0xx_dac.c...
compiling stm32f0xx_exti.c...
compiling stm32f0xx_dma.c...
compiling stm32f0xx_dbgmcu.c...
compiling stm32f0xx_gpio.c...
compiling stm32f0xx_i2c.c...
compiling stm32f0xx_flash.c...
compiling stm32f0xx_pwr.c...
compiling stm32f0xx_misc.c...
compiling stm32f0xx_iwdg.c...
compiling stm32f0xx_rcc.c...
compiling stm32f0xx_spi.c...
compiling stm32f0xx_rtc.c...
compiling stm32f0xx_syscfg.c...
compiling stm32f0xx_tim.c...
compiling stm32f0xx_usart.c...
compiling stm32f0xx_wwdg.c...
compiling system_stm32f0xx.c...
assembling startup_stm32f0xx_ld.s...
linking...
Program Size: Code=15288 RO-data=308 RW-data=188 ZI-data=2276  
FromELF: creating hex file...
".\Objects\STM32F0_DD61_Add_Del.axf" - 0 Error(s), 3 Warning(s).

<h2>Collection of Component include folders:</h2>
  D:\ZHR\PersonalData\Project\code\Code\LPROX-10_V2\LPROX-10_V2\LPROX-10\MDK-ARM\RTE
  d:\Keil_v5\ARM\PACK\Keil\STM32F0xx_DFP\1.5.0\Device\Include

<h2>Collection of Component Files used:</h2>
Build Time Elapsed:  00:00:12
</pre>
</body>
</html>
